[UnityConnectServicesConfig] Local config successfully read: "/usr/share/unity3d/config/services-config.json"
[UnityConnectServicesConfig] Service configuration:
    "servicesConfigBaseUrl": "",
    "disableServicesWindow": false,
    "disableUserLogin": false,
    "entitlementCacheTimeoutInSeconds": 60,
    "clientConnectTimeoutSec": 60,
    "clientHandshakeTimeoutSec": 30,
    "clientResolveEntitlementsTimeoutSec": 30,
    "clientUpdateLicenseTimeoutSec": 30,
    "licensingServiceBaseUrl": "",
    "enableProxyAutoconfig": "false"

Unity Editor version:    6000.5.8f1 (5cb7df797b7d)
Branch:                  6000.5/staging
Build type:              Release
Batch mode:              NO
System name:             Linux
Distro version:          #1 SMP PREEMPT_DYNAMIC Tue, 11 Aug 2026 09:16:08 +0000
Kernel version:          7.1.8-arch1-3
Architecture:            x86_64
Window Protocol:         Wayland (XWayland)
Available memory:        7657 MB
Date:                    2026-09-10T13:50:05Z
[Licensing::Module] Trying to connect to existing licensing client channel...
[Licensing::IpcConnector] Successfully connected to: "LicenseClient-usio" at "2026-09-10T13:50:05.097169Z"
[SignatureVerifier] Application signature verification not supported on this platform.
Selected window backend: (null) 
[Licensing::Client] Error: HandshakeResponse reported an error:
	ResponseCode: 505
	ResponseStatus: Unsupported protocol version '1.18.1'.
[Licensing::Module] Error: Failed to handshake to channel: "LicenseClient-usio"
[Licensing::IpcConnector] LicenseClient-usio channel disconnected successfully.
[Licensing::IpcConnector] Channel LicenseClient-usio-6000.5.8 doesn't exist
[Licensing::Module] Successfully launched the LicensingClient (PId: 1086283)
Desktop is 1920 x 1200 @ 60 Hz
Initialize udev device monitor.

COMMAND LINE ARGUMENTS:
/home/usio/Unity/Hub/Editor/6000.5.8f1/Unity
-projectpath
/home/usio/Titan test
-acceptSoftwareTermsForThisRunOnly
-useHub
-hubIPC
-cloudEnvironment
production
-licensingIpc
LicenseClient-usio
-hubSessionId
fed902a5-cb52-4d6c-82dd-cd857fc6bc1e
-accessToken
CIsDav9hOTAX_BOxzeTixcL7uekJbj4S5LRsNF1gvvM009f
Successfully changed project path to: /home/usio/Titan test
/home/usio/Titan test
[UnityMemory] Configuration Parameters - Can be set up in boot.config
    "memorysetup-temp-allocator-size-gi-baking-worker=262144"
    "memorysetup-temp-allocator-size-gi-baking-worker=262144"
    "memorysetup-temp-allocator-size-gi-baking-worker=262144"
    "memorysetup-temp-allocator-size-gi-baking-worker=262144"
    "memorysetup-temp-allocator-size-gi-baking-worker=262144"
    "memorysetup-temp-allocator-size-nav-mesh-worker=65536"
    "memorysetup-temp-allocator-size-audio-worker=65536"
    "memorysetup-temp-allocator-size-cloud-worker=32768"
    "memorysetup-allocator-temp-initial-block-size-main=262144"
    "memorysetup-allocator-temp-initial-block-size-worker=262144"
    "memorysetup-temp-allocator-size-preload-manager=33554432"
    "memorysetup-temp-allocator-size-gfx=262144"
    "memorysetup-temp-allocator-size-background-worker=32768"
    "memorysetup-temp-allocator-size-job-worker=262144"
    "memorysetup-bucket-allocator-granularity=16"
    "memorysetup-bucket-allocator-bucket-count=8"
    "memorysetup-bucket-allocator-block-size=33554432"
    "memorysetup-bucket-allocator-block-count=8"
    "memorysetup-main-allocator-block-size=16777216"
    "memorysetup-thread-allocator-block-size=16777216"
    "memorysetup-main-allocator-mimalloc-enabled=0"
    "memorysetup-gfx-main-allocator-block-size=16777216"
    "memorysetup-gfx-thread-allocator-block-size=16777216"
    "memorysetup-cache-allocator-block-size=4194304"
    "memorysetup-typetree-allocator-block-size=2097152"
    "memorysetup-profiler-bucket-allocator-granularity=16"
    "memorysetup-profiler-bucket-allocator-bucket-count=8"
    "memorysetup-profiler-bucket-allocator-block-size=33554432"
    "memorysetup-profiler-bucket-allocator-block-count=8"
    "memorysetup-profiler-allocator-block-size=16777216"
    "memorysetup-profiler-editor-allocator-block-size=1048576"
    "memorysetup-temp-allocator-size-main=16777216"
    "memorysetup-job-temp-allocator-block-size=2097152"
    "memorysetup-job-temp-allocator-block-size-background=1048576"
    "memorysetup-job-temp-allocator-reduction-small-platforms=262144"
Player connection [140051273616576]  Target information:

Player connection [140051273616576]  * "[IP] 192.168.1.8 [Port] 55504 [Flags] 2 [Guid] 88864380 [EditorId] 88864380 [Version] 1048832 [Id] LinuxEditor(16,192.168.1.8) [Debug] 1 [PackageName] LinuxEditor [ProjectName] Editor" 

Player connection [140051273616576] Host joined multi-casting on [225.0.0.222:54997]...
Player connection [140051273616576] Host joined alternative multi-casting on [225.0.0.222:34997]...
Input System module state changed to: Initialized.
[Physics::Module] Initialized fallback backend.
[Physics::Module] Id: 0xdecafbad
[Licensing::IpcConnector] Successfully connected to: "LicenseClient-usio-6000.5.8" at "2026-09-10T13:50:06.077022Z"
[SignatureVerifier] Application signature verification not supported on this platform.
[Licensing::Client] Handshaking with LicensingClient:
  Version:                 1.18.1+9fbee8e
  Session Id:              4ed03c41cb6348a7b047bc7abf15e7d5
  Correlation Id:          617b4d0ffc4763cef83e0903dedb222d
  External correlation Id: 4394947868205473455
  Machine Id:              x91t/QJmnuGXpQYOdGXOE63eCBU=
[Licensing::Module] Successfully connected to LicensingClient on channel: "LicenseClient-usio-6000.5.8" (connect: 0.86s, validation: 0.30s, handshake: 0.00s)
[Licensing::IpcConnector] Successfully connected to: "LicenseClient-usio-6000.5.8-notifications" at "2026-09-10T13:50:06.376988Z"
[Licensing::Module] Connected to LicensingClient (PId: 1086283, launch time: 0.00, total connection time: 1.16s)
[Licensing::Client] Successfully updated the access token
[Licensing::Module] Successfully updated the access token CIsDav9hOT...
[Package Manager] Connected to IPC stream "Upm-1086213" after 0.7 seconds.
[Licensing::Module] Licensing is not yet initialized.
[Licensing::Client] Successfully resolved entitlement details
[Licensing::Module] License group:
  Id: F4-M77M-HXW8-HJ67-XE8W-XXXX
  Product: Unity Personal
  Type: ULF
  Expiration: Unlimited
[Licensing::Module] License group:
  Id: 10170777712478-UnityPersXXXX
  Product: Unity Personal
  Type: Assigned
  Expiration: Unlimited
[Licensing::Client] Successfully updated license, isAsync: True, time: 0.01
[Licensing::Client] Successfully resolved entitlement details
[Licensing::Module] License group:
  Id: F4-M77M-HXW8-HJ67-XE8W-XXXX
  Product: Unity Personal
  Type: ULF
  Expiration: Unlimited
[Licensing::Module] License group:
  Id: 10170777712478-UnityPersXXXX
  Product: Unity Personal
  Type: Assigned
  Expiration: Unlimited
[Licensing::Module] Licensing Background thread has ended after 1.51s
[Licensing::Module] Licensing is initialized (took 0.08s).
[Licensing::Client] Successfully resolved entitlement details
[Licensing::Module] License group:
  Id: F4-M77M-HXW8-HJ67-XE8W-XXXX
  Product: Unity Personal
  Type: ULF
  Expiration: Unlimited
[Licensing::Module] License group:
  Id: 10170777712478-UnityPersXXXX
  Product: Unity Personal
  Type: Assigned
  Expiration: Unlimited
Library Redirect Path: Library/
[Physics::Module] Selected backend.
[Physics::Module] Name: PhysX
[Physics::Module] Id: 0xf2b8ea05
[Physics::Module] SDK Version: 4.1.2
[Physics::Module] Integration Version: 1.0.0
[Physics::Module] Threading Mode: Multi-Threaded
Artifact Garbage Collection - Removed 2 unused hashed content files
Initialize engine version: 6000.5.8f1 (5cb7df797b7d)
[Subsystems] Discovering subsystems at path /home/usio/Unity/Hub/Editor/6000.5.8f1/Data/Resources/UnitySubsystems
[Subsystems] Discovering subsystems at path /home/usio/Titan test/Assets
kGfxThreadingModeSplitJobs is not supported on OpenGL Core. Reverting to kGfxThreadingModeDirect instead.
GfxDevice: creating device client; kGfxThreadingModeDirect
GLX Extensions: GLX_ARB_context_flush_control GLX_ARB_create_context GLX_ARB_create_context_no_error GLX_ARB_create_context_profile GLX_ARB_create_context_robustness GLX_ARB_fbconfig_float GLX_ARB_framebuffer_sRGB GLX_ARB_get_proc_address GLX_ARB_multisample GLX_EXT_buffer_age GLX_EXT_create_context_es2_profile GLX_EXT_create_context_es_profile GLX_EXT_fbconfig_packed_float GLX_EXT_framebuffer_sRGB GLX_EXT_no_config_context GLX_EXT_swap_control GLX_EXT_swap_control_tear GLX_EXT_texture_from_pixmap GLX_EXT_visual_info GLX_EXT_visual_rating GLX_MESA_copy_sub_buffer GLX_MESA_gl_interop GLX_MESA_query_renderer GLX_MESA_swap_control GLX_OML_sync_control GLX_SGIS_multisample GLX_SGIX_fbconfig GLX_SGIX_pbuffer GLX_SGIX_visual_select_group GLX_SGI_make_current_read GLX_SGI_video_sync 
Renderer: Mesa Intel(R) Graphics (ADL GT2)
Vendor:   Intel
Version:  4.6 (Core Profile) Mesa 26.1.8-arch1.1
GLES:     0
 GL_3DFX_texture_compression_FXT1 GL_AMD_conservative_depth GL_AMD_depth_clamp_separate GL_AMD_draw_buffers_blend GL_AMD_gpu_shader_int64 GL_AMD_multi_draw_indirect GL_AMD_performance_monitor GL_AMD_pinned_memory GL_AMD_query_buffer_object GL_AMD_seamless_cubemap_per_texture GL_AMD_shader_stencil_export GL_AMD_shader_trinary_minmax GL_AMD_texture_texture4 GL_AMD_vertex_shader_layer GL_AMD_vertex_shader_viewport_index GL_ANGLE_texture_compression_dxt3 GL_ANGLE_texture_compression_dxt5 GL_ARB_ES2_compatibility GL_ARB_ES3_1_compatibility GL_ARB_ES3_2_compatibility GL_ARB_ES3_compatibility GL_ARB_arrays_of_arrays GL_ARB_base_instance GL_ARB_blend_func_extended GL_ARB_buffer_storage GL_ARB_clear_buffer_object GL_ARB_clear_texture GL_ARB_clip_control GL_ARB_compressed_texture_pixel_storage GL_ARB_compute_shader GL_ARB_compute_variable_group_size GL_ARB_conditional_render_inverted GL_ARB_conservative_depth GL_ARB_copy_buffer GL_ARB_copy_image GL_ARB_cull_distance GL_ARB_debug_output GL_ARB_depth_buffer_float GL_ARB
_depth_clamp GL_ARB_derivative_control GL_ARB_direct_state_access GL_ARB_draw_buffers GL_ARB_draw_buffers_blend GL_ARB_draw_elements_base_vertex GL_ARB_draw_indirect GL_ARB_draw_instanced GL_ARB_enhanced_layouts GL_ARB_explicit_attrib_location GL_ARB_explicit_uniform_location GL_ARB_fragment_coord_conventions GL_ARB_fragment_layer_viewport GL_ARB_fragment_shader GL_ARB_fragment_shader_interlock GL_ARB_framebuffer_no_attachments GL_ARB_framebuffer_object GL_ARB_framebuffer_sRGB GL_ARB_get_program_binary GL_ARB_get_texture_sub_image GL_ARB_gl_spirv GL_ARB_gpu_shader5 GL_ARB_gpu_shader_fp64 GL_ARB_gpu_shader_int64 GL_ARB_half_float_pixel GL_ARB_half_float_vertex GL_ARB_indirect_parameters GL_ARB_instanced_arrays GL_ARB_internalformat_query GL_ARB_internalformat_query2 GL_ARB_invalidate_subdata GL_ARB_map_buffer_alignment GL_ARB_map_buffer_range GL_ARB_multi_bind GL_ARB_multi_draw_indirect GL_ARB_occlusion_query2 GL_ARB_parallel_shader_compile GL_ARB_pipeline_statistics_query GL_ARB_pixel_buffer_object GL_ARB_po
int_sprite GL_ARB_polygon_offset_clamp GL_ARB_post_depth_coverage GL_ARB_program_interface_query GL_ARB_provoking_vertex GL_ARB_query_buffer_object GL_ARB_robust_buffer_access_behavior GL_ARB_robustness GL_ARB_sample_shading GL_ARB_sampler_objects GL_ARB_seamless_cube_map GL_ARB_seamless_cubemap_per_texture GL_ARB_separate_shader_objects GL_ARB_shader_atomic_counter_ops GL_ARB_shader_atomic_counters GL_ARB_shader_ballot GL_ARB_shader_bit_encoding GL_ARB_shader_clock GL_ARB_shader_draw_parameters GL_ARB_shader_group_vote GL_ARB_shader_image_load_store GL_ARB_shader_image_size GL_ARB_shader_objects GL_ARB_shader_precision GL_ARB_shader_stencil_export GL_ARB_shader_storage_buffer_object GL_ARB_shader_subroutine GL_ARB_shader_texture_image_samples GL_ARB_shader_texture_lod GL_ARB_shader_viewport_layer_array GL_ARB_shading_language_420pack GL_ARB_shading_language_include GL_ARB_shading_language_packing GL_ARB_spirv_extensions GL_ARB_stencil_texturing GL_ARB_sync GL_ARB_tessellation_shader GL_ARB_texture_barrier G
L_ARB_texture_border_clamp GL_ARB_texture_buffer_object GL_ARB_texture_buffer_object_rgb32 GL_ARB_texture_buffer_range GL_ARB_texture_compression_bptc GL_ARB_texture_compression_rgtc GL_ARB_texture_cube_map_array GL_ARB_texture_filter_anisotropic GL_ARB_texture_filter_minmax GL_ARB_texture_float GL_ARB_texture_gather GL_ARB_texture_mirror_clamp_to_edge GL_ARB_texture_multisample GL_ARB_texture_non_power_of_two GL_ARB_texture_query_levels GL_ARB_texture_query_lod GL_ARB_texture_rectangle GL_ARB_texture_rg GL_ARB_texture_rgb10_a2ui GL_ARB_texture_stencil8 GL_ARB_texture_storage GL_ARB_texture_storage_multisample GL_ARB_texture_swizzle GL_ARB_texture_view GL_ARB_timer_query GL_ARB_transform_feedback2 GL_ARB_transform_feedback3 GL_ARB_transform_feedback_instanced GL_ARB_transform_feedback_overflow_query GL_ARB_uniform_buffer_object GL_ARB_vertex_array_bgra GL_ARB_vertex_array_object GL_ARB_vertex_attrib_64bit GL_ARB_vertex_attrib_binding GL_ARB_vertex_buffer_object GL_ARB_vertex_shader GL_ARB_vertex_type_10f_11f
_11f_rev GL_ARB_vertex_type_2_10_10_10_rev GL_ARB_viewport_array GL_ATI_blend_equation_separate GL_ATI_texture_float GL_EXT_EGL_image_storage GL_EXT_EGL_image_storage_compression GL_EXT_EGL_sync GL_EXT_abgr GL_EXT_blend_equation_separate GL_EXT_debug_label GL_EXT_demote_to_helper_invocation GL_EXT_depth_bounds_test GL_EXT_draw_buffers2 GL_EXT_draw_instanced GL_EXT_framebuffer_blit GL_EXT_framebuffer_multisample GL_EXT_framebuffer_multisample_blit_scaled GL_EXT_framebuffer_object GL_EXT_framebuffer_sRGB GL_EXT_memory_object GL_EXT_memory_object_fd GL_EXT_packed_depth_stencil GL_EXT_packed_float GL_EXT_pixel_buffer_object GL_EXT_polygon_offset_clamp GL_EXT_provoking_vertex GL_EXT_semaphore GL_EXT_semaphore_fd GL_EXT_shader_clock GL_EXT_shader_framebuffer_fetch GL_EXT_shader_framebuffer_fetch_non_coherent GL_EXT_shader_integer_mix GL_EXT_shader_samples_identical GL_EXT_texture_array GL_EXT_texture_compression_dxt1 GL_EXT_texture_compression_rgtc GL_EXT_texture_compression_s3tc GL_EXT_texture_filter_anisotropic 
GL_EXT_texture_integer GL_EXT_texture_sRGB GL_EXT_texture_sRGB_R8 GL_EXT_texture_sRGB_decode GL_EXT_texture_shadow_lod GL_EXT_texture_shared_exponent GL_EXT_texture_snorm GL_EXT_texture_storage GL_EXT_texture_swizzle GL_EXT_timer_query GL_EXT_transform_feedback GL_EXT_vertex_array_bgra GL_EXT_vertex_attrib_64bit GL_IBM_multimode_draw_arrays GL_INTEL_blackhole_render GL_INTEL_conservative_rasterization GL_INTEL_performance_query GL_INTEL_shader_atomic_float_minmax GL_INTEL_shader_integer_functions2 GL_KHR_blend_equation_advanced GL_KHR_blend_equation_advanced_coherent GL_KHR_context_flush_control GL_KHR_debug GL_KHR_no_error GL_KHR_parallel_shader_compile GL_KHR_robust_buffer_access_behavior GL_KHR_robustness GL_KHR_shader_subgroup GL_KHR_texture_compression_astc_ldr GL_KHR_texture_compression_astc_sliced_3d GL_MESA_framebuffer_flip_y GL_MESA_pack_invert GL_MESA_shader_integer_functions GL_MESA_texture_const_bandwidth GL_MESA_texture_signed_rgba GL_NV_alpha_to_coverage_dither_control GL_NV_compute_shader_deri
vatives GL_NV_conditional_render GL_NV_copy_image GL_NV_depth_clamp GL_NV_fragment_shader_interlock GL_NV_packed_depth_stencil GL_NV_texture_barrier GL_OES_EGL_image GL_S3_s3tc
OPENGL LOG: Creating OpenGL 4.6 graphics device ; Context level  <OpenGL 4.5> ; Context handle -1404854480
Initialize mono
Mono path[0] = '/home/usio/Unity/Hub/Editor/6000.5.8f1/Data/Managed'
Mono path[1] = '/home/usio/Unity/Hub/Editor/6000.5.8f1/Data/BCLExtensions/runtime/netstandard2.1'
Mono path[2] = '/home/usio/Unity/Hub/Editor/6000.5.8f1/Data/MonoBleedingEdge/lib/mono/unityjit-linux'
Mono config path = '/home/usio/Unity/Hub/Editor/6000.5.8f1/Data/MonoBleedingEdge/etc'
Using monoOptions --debugger-agent=transport=dt_socket,embedding=1,server=y,suspend=n,address=127.0.0.1:56213
CodeReloadManager initialized
ImportWorker Server TCP listen port: 0
AcceleratorClientConnectionCallback - disconnected - :0
Begin MonoManager ReloadAssembly
Registering precompiled unity dll's ...
Register platform support module: /home/usio/Unity/Hub/Editor/6000.5.8f1/Data/PlaybackEngines/LinuxStandaloneSupport/UnityEditor.LinuxStandalone.Extensions.dll
Registered in 0,001660 seconds.
Native extension for LinuxStandalone target not found
Package Manager log level set to [2]
[Licensing::Client] Successfully resolved entitlement details
ScheduleIndexationOnStartup MainProcess:False IndexOnStartup:True
Mono: successfully reloaded assembly
- Finished resetting the current domain, in  5,535 seconds
Domain Reload Profiling: 6361ms
	BeginReloadAssembly (219ms)
	RebuildCommonClasses (6ms)
	RebuildNativeTypeToScriptingClass (26ms)
	initialDomainReloadingComplete (108ms)
	LoadAllAssembliesAndSetupDomain (466ms)
		LoadAssemblies (218ms)
		AnalyzeDomain (350ms)
			TypeCache.Refresh (349ms)
				TypeCache.ScanAssembly (328ms)
	FinalizeReload (5536ms)
		SetupLoadedEditorAssemblies (0ms)
			BeforeProcessingInitializeOnLoad (137ms)
			ProcessInitializeOnLoadAttributes (136ms)
			ProcessInitializeOnLoadMethodAttributes (5168ms)
[Licensing::Client] Successfully resolved entitlement details
[Licensing::Module] License group:
  Id: F4-M77M-HXW8-HJ67-XE8W-XXXX
  Product: Unity Personal
  Type: ULF
  Expiration: Unlimited
[Licensing::Module] License group:
  Id: 10170777712478-UnityPersXXXX
  Product: Unity Personal
  Type: Assigned
  Expiration: Unlimited
Application.AssetDatabase Initial Refresh Start
[Package Manager] Restoring resolved packages state from cache
[Licensing::Client] Successfully resolved entitlement details
[Package Manager] Registered 60 packages:
  Packages from [https://packages.unity.com]:
    com.unity.ai.navigation@2.0.14 (location: /home/usio/Titan test/Library/PackageCache/com.unity.ai.navigation@134dd6a3b97b)
    com.unity.cinemachine@3.1.7 (location: /home/usio/Titan test/Library/PackageCache/com.unity.cinemachine@f3f96bcb59af)
    com.unity.collab-proxy@2.13.5 (location: /home/usio/Titan test/Library/PackageCache/com.unity.collab-proxy@120d77864ebc)
    com.unity.ide.rider@3.0.38 (location: /home/usio/Titan test/Library/PackageCache/com.unity.ide.rider@1f60b3138684)
    com.unity.ide.visualstudio@2.0.26 (location: /home/usio/Titan test/Library/PackageCache/com.unity.ide.visualstudio@a99d56dec63f)
    com.unity.inputsystem@1.20.0 (location: /home/usio/Titan test/Library/PackageCache/com.unity.inputsystem@7a4e1a2a8194)
    com.unity.timeline@1.8.12 (location: /home/usio/Titan test/Library/PackageCache/com.unity.timeline@8cd8509afae5)
    com.unity.visualscripting@1.9.12 (location: /home/usio/Titan test/Library/PackageCache/com.unity.visualscripting@4edfcc09512f)
    com.unity.splines@2.9.0 (location: /home/usio/Titan test/Library/PackageCache/com.unity.splines@e6e1d5900acc)
    com.unity.searcher@4.9.5 (location: /home/usio/Titan test/Library/PackageCache/com.unity.searcher@a463122f2c00)
    com.unity.burst@1.8.30 (location: /home/usio/Titan test/Library/PackageCache/com.unity.burst@2f3d916873ea)
    com.unity.nuget.mono-cecil@1.11.6 (location: /home/usio/Titan test/Library/PackageCache/com.unity.nuget.mono-cecil@ecb9724e46ff)
    com.unity.test-framework.performance@3.5.0 (location: /home/usio/Titan test/Library/PackageCache/com.unity.test-framework.performance@8b56083ec0f0)
    com.unity.settings-manager@2.1.1 (location: /home/usio/Titan test/Library/PackageCache/com.unity.settings-manager@0b8638c5ce86)
  Built-in packages:
    com.unity.multiplayer.center@1.0.1 (location: /home/usio/Titan test/Library/PackageCache/com.unity.multiplayer.center@095ed72d0927)
    com.unity.render-pipelines.universal@17.5.0 (location: /home/usio/Titan test/Library/PackageCache/com.unity.render-pipelines.universal@0b9e41c8baf6)
    com.unity.test-framework@1.7.0 (location: /home/usio/Titan test/Library/PackageCache/com.unity.test-framework@773a3a4953ad)
    com.unity.ugui@2.5.0 (location: /home/usio/Titan test/Library/PackageCache/com.unity.ugui@241bd5dd93e7)
    com.unity.modules.accessibility@1.0.0 (location: /home/usio/Titan test/Library/PackageCache/com.unity.modules.accessibility)
    com.unity.modules.adaptiveperformance@1.0.0 (location: /home/usio/Titan test/Library/PackageCache/com.unity.modules.adaptiveperformance)
    com.unity.modules.ai@1.0.0 (location: /home/usio/Titan test/Library/PackageCache/com.unity.modules.ai)
    com.unity.modules.androidjni@1.0.0 (location: /home/usio/Titan test/Library/PackageCache/com.unity.modules.androidjni)
    com.unity.modules.animation@1.0.0 (location: /home/usio/Titan test/Library/PackageCache/com.unity.modules.animation)
    com.unity.modules.assetbundle@1.0.0 (location: /home/usio/Titan test/Library/PackageCache/com.unity.modules.assetbundle)
    com.unity.modules.audio@1.0.0 (location: /home/usio/Titan test/Library/PackageCache/com.unity.modules.audio)
    com.unity.modules.cloth@1.0.0 (location: /home/usio/Titan test/Library/PackageCache/com.unity.modules.cloth)
    com.unity.modules.director@1.0.0 (location: /home/usio/Titan test/Library/PackageCache/com.unity.modules.director)
    com.unity.modules.imageconversion@1.0.0 (location: /home/usio/Titan test/Library/PackageCache/com.unity.modules.imageconversion)
    com.unity.modules.imgui@1.0.0 (location: /home/usio/Titan test/Library/PackageCache/com.unity.modules.imgui)
    com.unity.modules.jsonserialize@1.0.0 (location: /home/usio/Titan test/Library/PackageCache/com.unity.modules.jsonserialize)
    com.unity.modules.particlesystem@1.0.0 (location: /home/usio/Titan test/Library/PackageCache/com.unity.modules.particlesystem)
    com.unity.modules.physics@1.0.0 (location: /home/usio/Titan test/Library/PackageCache/com.unity.modules.physics)
    com.unity.modules.physics2d@1.0.0 (location: /home/usio/Titan test/Library/PackageCache/com.unity.modules.physics2d)
    com.unity.modules.physicscore2d@1.0.0 (location: /home/usio/Titan test/Library/PackageCache/com.unity.modules.physicscore2d)
    com.unity.modules.screencapture@1.0.0 (location: /home/usio/Titan test/Library/PackageCache/com.unity.modules.screencapture)
    com.unity.modules.terrain@1.0.0 (location: /home/usio/Titan test/Library/PackageCache/com.unity.modules.terrain)
    com.unity.modules.terrainphysics@1.0.0 (location: /home/usio/Titan test/Library/PackageCache/com.unity.modules.terrainphysics)
    com.unity.modules.tilemap@1.0.0 (location: /home/usio/Titan test/Library/PackageCache/com.unity.modules.tilemap)
    com.unity.modules.ui@1.0.0 (location: /home/usio/Titan test/Library/PackageCache/com.unity.modules.ui)
    com.unity.modules.uielements@1.0.0 (location: /home/usio/Titan test/Library/PackageCache/com.unity.modules.uielements)
    com.unity.modules.umbra@1.0.0 (location: /home/usio/Titan test/Library/PackageCache/com.unity.modules.umbra)
    com.unity.modules.unityanalytics@1.0.0 (location: /home/usio/Titan test/Library/PackageCache/com.unity.modules.unityanalytics)
    com.unity.modules.unitywebrequest@1.0.0 (location: /home/usio/Titan test/Library/PackageCache/com.unity.modules.unitywebrequest)
    com.unity.modules.unitywebrequestassetbundle@1.0.0 (location: /home/usio/Titan test/Library/PackageCache/com.unity.modules.unitywebrequestassetbundle)
    com.unity.modules.unitywebrequestaudio@1.0.0 (location: /home/usio/Titan test/Library/PackageCache/com.unity.modules.unitywebrequestaudio)
    com.unity.modules.unitywebrequesttexture@1.0.0 (location: /home/usio/Titan test/Library/PackageCache/com.unity.modules.unitywebrequesttexture)
    com.unity.modules.unitywebrequestwww@1.0.0 (location: /home/usio/Titan test/Library/PackageCache/com.unity.modules.unitywebrequestwww)
    com.unity.modules.vectorgraphics@1.0.0 (location: /home/usio/Titan test/Library/PackageCache/com.unity.modules.vectorgraphics)
    com.unity.modules.vehicles@1.0.0 (location: /home/usio/Titan test/Library/PackageCache/com.unity.modules.vehicles)
    com.unity.modules.video@1.0.0 (location: /home/usio/Titan test/Library/PackageCache/com.unity.modules.video)
    com.unity.modules.wind@1.0.0 (location: /home/usio/Titan test/Library/PackageCache/com.unity.modules.wind)
    com.unity.modules.xr@1.0.0 (location: /home/usio/Titan test/Library/PackageCache/com.unity.modules.xr)
    com.unity.modules.subsystems@1.0.0 (location: /home/usio/Titan test/Library/PackageCache/com.unity.modules.subsystems)
    com.unity.modules.hierarchycore@1.0.0 (location: /home/usio/Titan test/Library/PackageCache/com.unity.modules.hierarchycore)
    com.unity.ext.nunit@2.1.0 (location: /home/usio/Titan test/Library/PackageCache/com.unity.ext.nunit@9054f8d1d690)
    com.unity.render-pipelines.core@17.5.0 (location: /home/usio/Titan test/Library/PackageCache/com.unity.render-pipelines.core@9d29876d1f30)
    com.unity.shadergraph@17.5.0 (location: /home/usio/Titan test/Library/PackageCache/com.unity.shadergraph@d5dbee5c0619)
    com.unity.render-pipelines.universal-config@17.5.0 (location: /home/usio/Titan test/Library/PackageCache/com.unity.render-pipelines.universal-config@47de94ac0cce)
    com.unity.collections@6.5.0 (location: /home/usio/Titan test/Library/PackageCache/com.unity.collections@c461d9198d5e)
    com.unity.mathematics@1.4.0 (location: /home/usio/Titan test/Library/PackageCache/com.unity.mathematics@bdc7f308708c)
[Subsystems] No new subsystems found in resolved package list.
[Package Manager] Done registering packages in 0,00 seconds
Assembly reference Packages/com.unity.cinemachine/Editor/Samples/ExposeHDRPInternals/HDRP-Editor-ref.asmref has no target assembly definition
Assembly reference Packages/com.unity.cinemachine/Editor/Samples/ExposeHDRPInternals/HDRP-Editor-ref.asmref has no target assembly definition
info: Microsoft.Hosting.Lifetime[14]
      Now listening on: http://unix:/tmp/ilpp.sock-17a7d6d4b2f67bce95a0816598cb6520
info: Microsoft.Hosting.Lifetime[0]
      Application started. Press Ctrl+C to shut down.
info: Microsoft.Hosting.Lifetime[0]
      Hosting environment: Production
info: Microsoft.Hosting.Lifetime[0]
      Content root path: /home/usio/Titan test
info: Microsoft.AspNetCore.Hosting.Diagnostics[1]
      Request starting HTTP/2 POST http://ilpp/UnityILPP.PostProcessing/Ping - application/grpc -
info: Microsoft.AspNetCore.Routing.EndpointMiddleware[0]
      Executing endpoint 'gRPC - /UnityILPP.PostProcessing/Ping'
info: Microsoft.AspNetCore.Routing.EndpointMiddleware[1]
      Executed endpoint 'gRPC - /UnityILPP.PostProcessing/Ping'
info: Microsoft.AspNetCore.Hosting.Diagnostics[2]
      Request finished HTTP/2 POST http://ilpp/UnityILPP.PostProcessing/Ping - 200 - application/grpc 37.6759ms
Starting: /home/usio/Unity/Hub/Editor/6000.5.8f1/Data/Tools/BuildPipeline/bee_backend --ipc --defer-dag-verification --dagfile="Library/Bee/2400b0aE.dag" --continue-on-failure --profile="Library/Bee/backend1.traceevents" ScriptAssemblies
WorkingDir: /home/usio/Titan test
info: Microsoft.AspNetCore.Hosting.Diagnostics[1]
      Request starting HTTP/2 POST http://ilpp/UnityILPP.PostProcessing/ConfigurePostProcessors - application/grpc -
info: Microsoft.AspNetCore.Routing.EndpointMiddleware[0]
      Executing endpoint 'gRPC - /UnityILPP.PostProcessing/ConfigurePostProcessors'
warn: Unity.ILPP.Runner.PostProcessingAssemblyLoadContext[0]
      Assembly system.runtime.interopservices.windowsruntime has duplicate hint path. Ignoring "/home/usio/Unity/Hub/Editor/6000.5.8f1/Data/UnityReferenceAssemblies/unity-4.8-api/Facades/System.Runtime.InteropServices.WindowsRuntime.dll" in favor of "/home/usio/Unity/Hub/Editor/6000.5.8f1/Data/NetStandard/Extensions/2.0.0/System.Runtime.InteropServices.WindowsRuntime.dll"
warn: Unity.ILPP.Runner.PostProcessingAssemblyLoadContext[0]
      Assembly system.componentmodel.composition has duplicate hint path. Ignoring "/home/usio/Unity/Hub/Editor/6000.5.8f1/Data/UnityReferenceAssemblies/unity-4.8-api/System.ComponentModel.Composition.dll" in favor of "/home/usio/Unity/Hub/Editor/6000.5.8f1/Data/NetStandard/compat/2.1.0/shims/netfx/System.ComponentModel.Composition.dll"
info: Unity.ILPP.Runner.PostProcessingAssemblyLoadContext[0]
      Resolved Unity.Burst.Cecil, Version=0.11.6.0, Culture=neutral, PublicKeyToken=50cebf1cceb9d05e with Library/PackageCache/com.unity.burst@2f3d916873ea/Unity.Burst.CodeGen/Unity.Burst.Cecil.dll
info: Unity.ILPP.Runner.PostProcessingAssemblyLoadContext[0]
      Resolved Mono.Cecil, Version=0.11.5.0, Culture=neutral, PublicKeyToken=50cebf1cceb9d05e with Library/PackageCache/com.unity.nuget.mono-cecil@ecb9724e46ff/Mono.Cecil.dll
info: Microsoft.AspNetCore.Routing.EndpointMiddleware[1]
      Executed endpoint 'gRPC - /UnityILPP.PostProcessing/ConfigurePostProcessors'
info: Microsoft.AspNetCore.Hosting.Diagnostics[2]
      Request finished HTTP/2 POST http://ilpp/UnityILPP.PostProcessing/ConfigurePostProcessors - 200 - application/grpc 23.4515ms
ExitCode: 0 Duration: 0s213ms
[717/937    0s] ILPP-Configuration Library/ilpp-configuration.nevergeneratedoutput
*** Tundra build success (0.18 seconds), 1 items updated, 937 evaluated
AssetDatabase: script compilation time: 1,111946s
Total cache size 172573348
Begin MonoManager ReloadAssembly
Total cache size after purge 172573348, took 00:00:00.1813624
Assembly reference Packages/com.unity.cinemachine/Editor/Samples/ExposeHDRPInternals/HDRP-Editor-ref.asmref has no target assembly definition
'Packages/com.unity.cinemachine/Editor/Editors/CinemachineVirtualCameraBaseEditor.cs' contains partial class of Unity.Object, exactly 1 of the partial classes needs to be in a file with the same filename. This is to know the one that can be referenced from ie. GameObjects
'Packages/com.unity.cinemachine/Editor/Obsolete/CinemachineVirtualCameraBaseEditor.cs' contains partial class of Unity.Object, exactly 1 of the partial classes needs to be in a file with the same filename. This is to know the one that can be referenced from ie. GameObjects
Refreshing native plugins compatible for Editor in 2,25 ms, found 0 plugins.
Native extension for LinuxStandalone target not found
ScheduleIndexationOnStartup MainProcess:True IndexOnStartup:True
Mono: successfully reloaded assembly
- Finished resetting the current domain, in  4,112 seconds
Domain Reload Profiling: 4947ms
	BeginReloadAssembly (209ms)
		DisableScriptedObjects (20ms)
		CreateAndSetChildDomain (47ms)
	RebuildCommonClasses (7ms)
	RebuildNativeTypeToScriptingClass (9ms)
	initialDomainReloadingComplete (42ms)
	LoadAllAssembliesAndSetupDomain (567ms)
		LoadAssemblies (367ms)
		AnalyzeDomain (207ms)
			TypeCache.Refresh (149ms)
				TypeCache.ScanAssembly (137ms)
			BuildScriptInfoCaches (49ms)
			ResolveRequiredComponents (7ms)
	FinalizeReload (4113ms)
		SetupLoadedEditorAssemblies (0ms)
			BeforeProcessingInitializeOnLoad (81ms)
			ProcessInitializeOnLoadAttributes (3127ms)
			ProcessInitializeOnLoadMethodAttributes (509ms)
		AwakeInstancesAfterBackupRestoration (21ms)
Starting new worker id: 0 with log in /home/usio/Titan test/Logs/AssetImportWorkerHW0.log

Asset Pipeline Refresh (id=719d06e8b357c8f6b900c97e0cc7a1e0): Total: 7.576 seconds - Initiated by InitialRefreshV2(ForceSynchronousImport)
	(Values over 0.05ms)
	Summary:
		Imports: total=0 (actual=0, local cache=0, cache server=0)
		Asset DB Process Time: managed=0 ms, native=5477 ms
		Asset DB Callback time: managed=42 ms, native=7 ms
		Scripting: domain reloads=1, domain reload time=884 ms, compile time=1116 ms, other=48 ms
		Project Asset Count: scripts=1489, non-scripts=2731
		Asset File Changes: new=0, changed=0, moved=0, deleted=0
		Scan Filter Count: 1
	InvokePackagesCallback: 7,767ms
	ApplyChangesToAssetFolders: 0,877ms
	Scan: 782,349ms
	Collect global state as custom dependencies: 26,378ms
	CategorizeScriptCompilationAssets: 84,232ms
	ProcessAssetsWithTransientArtifactChanges: 80,576ms
	CategorizeAssets: 89,062ms
	CompileScripts: 1115,996ms
	ImportOutOfDateAssets: 4264,242ms (4171,601ms without children)
		ReloadNativeAssets: 0,233ms
		UnloadImportedAssets: 1,202ms
		EnsureUptoDateAssetsAreRegisteredWithGuidPM: 1,000ms
		ImportSchedulerStart: 90,101ms
	PostProcessAllAssets: 42,422ms
		MonoPostProcessAllAssets: 42,291ms
			UniversalRenderPipelineGlobalSettingsPostprocessor.OnPostprocessAllAssets 11.959ms
			SyncVS.PostprocessSyncProject 10.210ms
			WindowAssetPostprocessingWatcher.OnPostprocessAllAssets 1.981ms
			SpeedTree9Postprocessor.OnPostprocessAllAssets 1.711ms
			EditModeScopePostprocessor.OnPostprocessAllAssets 0.911ms
			RenderPipelineGlobalSettingsPostprocessor.OnPostprocessAllAssets 0.545ms
			ProjectSettingsPostprocessor.OnPostprocessAllAssets 0.417ms
			ShaderReflectionAssetPostProcessor.OnPostprocessAllAssets 0.328ms
			InputActionAssetPostprocessor.OnPostprocessAllAssets 0.272ms
			CinemachineSettings.OnPostprocessAllAssets 0.260ms
			TerrainToolbarOverlayPostProcessor.OnPostprocessAllAssets 0.260ms
			ReferencedClipsPostProcessor.OnPostprocessAllAssets 0.235ms
			DomainReloadProcessor.OnPostprocessAllAssets 0.183ms
			AssetDatabaseCallbacks.OnPostprocessAllAssets 0.139ms
	UnloadStreamsBegin: 3,468ms
	PersistCurrentRevisions: 0,155ms
	GenerateScriptTypeHashes: 4,690ms
	GenerateScriptTypeSerializationHashes: 10,203ms
	Untracked: 1076,054ms

Application.AssetDatabase Initial Refresh End
Shader Hidden/ChartRasterizerHardware is not supported: GPU does not support conservative rasterization
AutoLocale: current locale expects 'C' but got 'ru_RU.UTF-8'[UnityConnectServicesConfig] Local config successfully read: "/usr/share/unity3d/config/services-config.json"
[UnityConnectServicesConfig] Service configuration:
    "servicesConfigBaseUrl": "",
    "disableServicesWindow": false,
    "disableUserLogin": false,
    "entitlementCacheTimeoutInSeconds": 60,
    "clientConnectTimeoutSec": 60,
    "clientHandshakeTimeoutSec": 30,
    "clientResolveEntitlementsTimeoutSec": 30,
    "clientUpdateLicenseTimeoutSec": 30,
    "licensingServiceBaseUrl": "",
    "enableProxyAutoconfig": "false"

Launched and connected shader compiler UnityShaderCompiler after 0.13 seconds
Shader Hidden/ChartRasterizerHardware is not supported: GPU does not support conservative rasterization
Scanning for USB devices : 2.395ms
Initializing Unity extensions:
UpdateMenuTitleForLanguage: 10
[MODES] ModeService[none].Initialize
[MODES] ModeService[none].LoadModes
[MODES] Loading mode Default (0) for mode-current-id-Titan test
Unloading 37 Unused Serialized files (Serialized files now loaded: 0)
Loaded scene 'Assets/Scenes/MissionTest.unity'
	Deserialize:            140.759 ms
	Integration:            369.032 ms
	Integration of assets:  8.738 ms
	Thread Wait Time:       0.095 ms
	Total Operation Time:   518.624 ms
Unloading 7083 unused Assets / (10.6 MB). Loaded Objects now: 8834.
Memory consumption went from 260.1 MB to 249.6 MB.
Total: 18.472738 ms (FindLiveObjects: 0.649064 ms CreateObjectMapping: 3.149494 ms MarkObjects: 9.288711 ms  DeleteObjects: 5.380249 ms)

[LAYOUT] About to load UserSettings/Layouts/default-6000.dwlt, keepMainWindow=False
GLX Extensions: GLX_ARB_context_flush_control GLX_ARB_create_context GLX_ARB_create_context_no_error GLX_ARB_create_context_profile GLX_ARB_create_context_robustness GLX_ARB_fbconfig_float GLX_ARB_framebuffer_sRGB GLX_ARB_get_proc_address GLX_ARB_multisample GLX_EXT_buffer_age GLX_EXT_create_context_es2_profile GLX_EXT_create_context_es_profile GLX_EXT_fbconfig_packed_float GLX_EXT_framebuffer_sRGB GLX_EXT_no_config_context GLX_EXT_swap_control GLX_EXT_swap_control_tear GLX_EXT_texture_from_pixmap GLX_EXT_visual_info GLX_EXT_visual_rating GLX_MESA_copy_sub_buffer GLX_MESA_gl_interop GLX_MESA_query_renderer GLX_MESA_swap_control GLX_OML_sync_control GLX_SGIS_multisample GLX_SGIX_fbconfig GLX_SGIX_pbuffer GLX_SGIX_visual_select_group GLX_SGI_make_current_read GLX_SGI_video_sync 
GLX Extensions: GLX_ARB_context_flush_control GLX_ARB_create_context GLX_ARB_create_context_no_error GLX_ARB_create_context_profile GLX_ARB_create_context_robustness GLX_ARB_fbconfig_float GLX_ARB_framebuffer_sRGB GLX_ARB_get_proc_address GLX_ARB_multisample GLX_EXT_buffer_age GLX_EXT_create_context_es2_profile GLX_EXT_create_context_es_profile GLX_EXT_fbconfig_packed_float GLX_EXT_framebuffer_sRGB GLX_EXT_no_config_context GLX_EXT_swap_control GLX_EXT_swap_control_tear GLX_EXT_texture_from_pixmap GLX_EXT_visual_info GLX_EXT_visual_rating GLX_MESA_copy_sub_buffer GLX_MESA_gl_interop GLX_MESA_query_renderer GLX_MESA_swap_control GLX_OML_sync_control GLX_SGIS_multisample GLX_SGIX_fbconfig GLX_SGIX_pbuffer GLX_SGIX_visual_select_group GLX_SGI_make_current_read GLX_SGI_video_sync 
GLX Extensions: GLX_ARB_context_flush_control GLX_ARB_create_context GLX_ARB_create_context_no_error GLX_ARB_create_context_profile GLX_ARB_create_context_robustness GLX_ARB_fbconfig_float GLX_ARB_framebuffer_sRGB GLX_ARB_get_proc_address GLX_ARB_multisample GLX_EXT_buffer_age GLX_EXT_create_context_es2_profile GLX_EXT_create_context_es_profile GLX_EXT_fbconfig_packed_float GLX_EXT_framebuffer_sRGB GLX_EXT_no_config_context GLX_EXT_swap_control GLX_EXT_swap_control_tear GLX_EXT_texture_from_pixmap GLX_EXT_visual_info GLX_EXT_visual_rating GLX_MESA_copy_sub_buffer GLX_MESA_gl_interop GLX_MESA_query_renderer GLX_MESA_swap_control GLX_OML_sync_control GLX_SGIS_multisample GLX_SGIX_fbconfig GLX_SGIX_pbuffer GLX_SGIX_visual_select_group GLX_SGI_make_current_read GLX_SGI_video_sync 
GLX Extensions: GLX_ARB_context_flush_control GLX_ARB_create_context GLX_ARB_create_context_no_error GLX_ARB_create_context_profile GLX_ARB_create_context_robustness GLX_ARB_fbconfig_float GLX_ARB_framebuffer_sRGB GLX_ARB_get_proc_address GLX_ARB_multisample GLX_EXT_buffer_age GLX_EXT_create_context_es2_profile GLX_EXT_create_context_es_profile GLX_EXT_fbconfig_packed_float GLX_EXT_framebuffer_sRGB GLX_EXT_no_config_context GLX_EXT_swap_control GLX_EXT_swap_control_tear GLX_EXT_texture_from_pixmap GLX_EXT_visual_info GLX_EXT_visual_rating GLX_MESA_copy_sub_buffer GLX_MESA_gl_interop GLX_MESA_query_renderer GLX_MESA_swap_control GLX_OML_sync_control GLX_SGIS_multisample GLX_SGIX_fbconfig GLX_SGIX_pbuffer GLX_SGIX_visual_select_group GLX_SGI_make_current_read GLX_SGI_video_sync 
GLX Extensions: GLX_ARB_context_flush_control GLX_ARB_create_context GLX_ARB_create_context_no_error GLX_ARB_create_context_profile GLX_ARB_create_context_robustness GLX_ARB_fbconfig_float GLX_ARB_framebuffer_sRGB GLX_ARB_get_proc_address GLX_ARB_multisample GLX_EXT_buffer_age GLX_EXT_create_context_es2_profile GLX_EXT_create_context_es_profile GLX_EXT_fbconfig_packed_float GLX_EXT_framebuffer_sRGB GLX_EXT_no_config_context GLX_EXT_swap_control GLX_EXT_swap_control_tear GLX_EXT_texture_from_pixmap GLX_EXT_visual_info GLX_EXT_visual_rating GLX_MESA_copy_sub_buffer GLX_MESA_gl_interop GLX_MESA_query_renderer GLX_MESA_swap_control GLX_OML_sync_control GLX_SGIS_multisample GLX_SGIX_fbconfig GLX_SGIX_pbuffer GLX_SGIX_visual_select_group GLX_SGI_make_current_read GLX_SGI_video_sync 
GLX Extensions: GLX_ARB_context_flush_control GLX_ARB_create_context GLX_ARB_create_context_no_error GLX_ARB_create_context_profile GLX_ARB_create_context_robustness GLX_ARB_fbconfig_float GLX_ARB_framebuffer_sRGB GLX_ARB_get_proc_address GLX_ARB_multisample GLX_EXT_buffer_age GLX_EXT_create_context_es2_profile GLX_EXT_create_context_es_profile GLX_EXT_fbconfig_packed_float GLX_EXT_framebuffer_sRGB GLX_EXT_no_config_context GLX_EXT_swap_control GLX_EXT_swap_control_tear GLX_EXT_texture_from_pixmap GLX_EXT_visual_info GLX_EXT_visual_rating GLX_MESA_copy_sub_buffer GLX_MESA_gl_interop GLX_MESA_query_renderer GLX_MESA_swap_control GLX_OML_sync_control GLX_SGIS_multisample GLX_SGIX_fbconfig GLX_SGIX_pbuffer GLX_SGIX_visual_select_group GLX_SGI_make_current_read GLX_SGI_video_sync 
[LAYOUT] About to save layout /home/usio/Titan test/UserSettings/Layouts/default-6000.dwlt
[LAYOUT] About to save layout /home/usio/.config/unity3d/Preferences/Editor-5.x/Layouts/current/default-6000.dwlt
[MODES] ModeService[default].InitializeCurrentMode
[MODES] ModeService[default].RaiseModeChanged(default, default)
This project uses Input Manager, which is marked for deprecation. To manage input in your project, use the <a href="https://docs.unity3d.com/Packages/com.unity.inputsystem@latest">Input System package</a> instead.
[Project] Loading completed in 21.276 seconds
	Project init time: 				18.110 seconds
		Template init time: 		0.000 seconds
		Package Manager init time: 		0.780 seconds
		Asset Database init time: 		0.400 seconds
		Global illumination init time: 	0.004 seconds
		Assemblies load time: 			6.408 seconds
		Unity extensions init time: 	0.046 seconds
		Asset Database refresh time: 	7.581 seconds
	Scene opening time: 			2.601 seconds
##utp:{"type":"ProjectInfo","version":2,"phase":"Immediate","time":1789048226335,"processId":1086213,"projectLoad":21.275847578,"projectInit":18.110149068,"templateInit":0.0,"packageManagerInit":0.780258574,"assetDatabaseInit":0.399792528,"globalIlluminationInit":0.004102035,"assembliesLoad":6.40771289,"unityExtensionsInit":0.04554964,"assetDatabaseRefresh":7.581260849,"sceneOpening":2.601201371}
##utp:{"type":"EditorInfo","version":2,"phase":"Immediate","time":1789048226335,"processId":1086213,"editorVersion":"6000.5.8f1 (5cb7df797b7d)","branch":"6000.5/staging","buildType":"Release","platform":"Linux"}
Worker ready: AssetImportWorkerHW0 0

Asset Pipeline Refresh (id=264f46fac15ff40fd95b1fbedd9409cf): Total: 0.316 seconds - Initiated by RefreshV2(AllowForceSynchronousImport)
	(Values over 0.05ms)
	Summary:
		Imports: total=0 (actual=0, local cache=0, cache server=0)
		Asset DB Process Time: managed=0 ms, native=315 ms
		Asset DB Callback time: managed=0 ms, native=0 ms
		Scripting: domain reloads=0, domain reload time=0 ms, compile time=0 ms, other=0 ms
		Project Asset Count: scripts=1489, non-scripts=2731
		Asset File Changes: new=0, changed=0, moved=0, deleted=0
		Scan Filter Count: 1
	InvokePackagesCallback: 0.310ms
	ApplyChangesToAssetFolders: 0.227ms
	Scan: 227.064ms
	Collect global state as custom dependencies: 0.385ms
	ProcessAssetsWithTransientArtifactChanges: 1.720ms
	CategorizeAssets: 36.902ms
	ImportOutOfDateAssets: 38.035ms (8.340ms without children)
		ReloadNativeAssets: 0.050ms
		UnloadImportedAssets: 0.087ms
		EnsureUptoDateAssetsAreRegisteredWithGuidPM: 0.493ms
		ImportSchedulerStart: 29.062ms
	GatherAllCurrentPrimaryImportResultRevisions: 0.371ms
	UnloadStreamsBegin: 1.644ms
	PersistCurrentRevisions: 0.195ms
	Untracked: 7.478ms

Asset Pipeline Refresh (id=ec6b3787a7c61b71db081ded3330d2b2): Total: 0.078 seconds - Initiated by RefreshV2(ForceSynchronousImport)
Start Indexing on Editor startup
[Indexing] Starting Initial Indexing for Assets
[UnityConnectServicesConfig] Service configuration:
    "servicesConfigBaseUrl": "",
    "disableServicesWindow": false,
    "disableUserLogin": false,
    "entitlementCacheTimeoutInSeconds": 60,
    "clientConnectTimeoutSec": 60,
    "clientHandshakeTimeoutSec": 30,
    "clientResolveEntitlementsTimeoutSec": 30,
    "clientUpdateLicenseTimeoutSec": 30,
    "licensingServiceBaseUrl": "",
    "enableProxyAutoconfig": "false"

Created GICache directory at /home/usio/.cache/unity3d/GiCache. Took: 0.005s, timestamps: [21.610 - 21.615]
[Licensing::Client] Successfully resolved entitlement details
[Licensing::Client] Successfully resolved entitlement details
[Licensing::Client] Successfully resolved entitlement details
[Licensing::Client] Successfully resolved entitlement details
[Licensing::Client] Successfully updated the access token
[Licensing::Module] Successfully updated access token: "CIsDav9h"... (expires: 2026-09-10T14:43:19Z)
Starting new worker id: 1 with log in /home/usio/Titan test/Logs/AssetImportWorkerHW1.log
[UnityConnectServicesConfig] Local config successfully read: "/usr/share/unity3d/config/services-config.json"
[UnityConnectServicesConfig] Service configuration:
    "servicesConfigBaseUrl": "",
    "disableServicesWindow": false,
    "disableUserLogin": false,
    "entitlementCacheTimeoutInSeconds": 60,
    "clientConnectTimeoutSec": 60,
    "clientHandshakeTimeoutSec": 30,
    "clientResolveEntitlementsTimeoutSec": 30,
    "clientUpdateLicenseTimeoutSec": 30,
    "licensingServiceBaseUrl": "",
    "enableProxyAutoconfig": "false"

[Worker0] Imported GUID: 47d7160f93e1ccbc5b4c1ac7f95aed5c - Path: Assets/Scripts/EnemyScripts/TestTitan.cs - Importer: ScriptedImporter/UnityEditor.QuickSearchModule:UnityEditor.Search:ASIAI0B -> (ImportResultId: '7e785af4171c25c1500e2f511d6eb2ff') in 0.191930612 seconds
Starting new worker id: 2 with log in /home/usio/Titan test/Logs/AssetImportWorkerHW2.log
[UnityConnectServicesConfig] Local config successfully read: "/usr/share/unity3d/config/services-config.json"
[UnityConnectServicesConfig] Service configuration:
    "servicesConfigBaseUrl": "",
    "disableServicesWindow": false,
    "disableUserLogin": false,
    "entitlementCacheTimeoutInSeconds": 60,
    "clientConnectTimeoutSec": 60,
    "clientHandshakeTimeoutSec": 30,
    "clientResolveEntitlementsTimeoutSec": 30,
    "clientUpdateLicenseTimeoutSec": 30,
    "licensingServiceBaseUrl": "",
    "enableProxyAutoconfig": "false"

[Worker0] Imported GUID: 6110faf3d8cf2d0d7911ed559006667c - Path: Assets/EnemyPrefabs/TestTitan.prefab - Importer: ScriptedImporter/UnityEditor.QuickSearchModule:UnityEditor.Search:ASIAI0B -> (ImportResultId: 'f749bddfa75bd70eb8cfff51b4aca044') in 0.190150357 seconds
[Worker0] Imported GUID: 99c9720ab356a0642a771bea13969a05 - Path: Assets/Scenes/SampleScene.unity - Importer: ScriptedImporter/UnityEditor.QuickSearchModule:UnityEditor.Search:ASIAI0B -> (ImportResultId: '84ce77cda3a32cdc13339d3e200b8d9e') in 0.179819282 seconds
[Worker0] Imported GUID: 3c8e6d81bd943d957b14de5b163ed955 - Path: Assets/Scripts/EnemyScripts/EnemyClimbController.cs - Importer: ScriptedImporter/UnityEditor.QuickSearchModule:UnityEditor.Search:ASIAI0B -> (ImportResultId: 'b39cb1ad7ec41a94d629e1adf5d99985') in 0.011723472 seconds
[Worker0] Imported GUID: 39c69d7ca33a47156b8fa4fd9322f3ce - Path: Assets/Scripts/EnemyScripts/EnemyGroundNavigator.cs - Importer: ScriptedImporter/UnityEditor.QuickSearchModule:UnityEditor.Search:ASIAI0B -> (ImportResultId: 'a1012ea30f8b0e81e87a3767a90df725') in 0.018287991 seconds
[Worker0] Imported GUID: 707fd40f0a52a063392aeb0ccc3bc25b - Path: Assets/Scripts/SpawningSystem/EnemySpawner.cs - Importer: ScriptedImporter/UnityEditor.QuickSearchModule:UnityEditor.Search:ASIAI0B -> (ImportResultId: 'c412828c637038e622553351ba7a6cca') in 0.01323088 seconds
[Worker0] Imported GUID: fd4b11fce37687cb3b98679e08f4f41a - Path: Assets/Scenes/MissionTest.unity - Importer: ScriptedImporter/UnityEditor.QuickSearchModule:UnityEditor.Search:ASIAI0B -> (ImportResultId: 'e39d53537de080d8966343a4a6199b4b') in 0.063914213 seconds
[Worker0] Imported GUID: eddd0c6380ef46e11b6e19325ab26b93 - Path: Assets/Scripts/EnemyScripts/EnemySurfaceNavigator.cs - Importer: ScriptedImporter/UnityEditor.QuickSearchModule:UnityEditor.Search:ASIAI0B -> (ImportResultId: 'bd7aac605c71dcfd86635af35f0c6ec6') in 0.025946367 seconds
Worker ready: AssetImportWorkerHW2 2
Worker ready: AssetImportWorkerHW1 1
UPID Received '18cbc4e7-70df-42fb-8c35-eb512f3569bc'.
[Licensing::Client] Successfully resolved entitlement details
TrimDiskCacheJob: Current cache size 0mb

Asset Pipeline Refresh (id=22605e072e5e2b36095f3d2be5218e0b): Total: 0.619 seconds - Initiated by RefreshV2(AllowForceSynchronousImport)
	(Values over 0.05ms)
	Summary:
		Imports: total=0 (actual=0, local cache=0, cache server=0)
		Asset DB Process Time: managed=0 ms, native=609 ms
		Asset DB Callback time: managed=0 ms, native=6 ms
		Scripting: domain reloads=0, domain reload time=0 ms, compile time=0 ms, other=0 ms
		Project Asset Count: scripts=1489, non-scripts=2731
		Asset File Changes: new=0, changed=0, moved=0, deleted=0
		Scan Filter Count: 1
	InvokeCustomDependenciesCallbacks: 0.052ms
	InvokePackagesCallback: 2.690ms
	ApplyChangesToAssetFolders: 3.399ms
	Scan: 504.553ms
	Collect global state as custom dependencies: 2.462ms
	GatherAllCurrentPrimaryImportResultRevisions: 11.999ms
	UnloadStreamsBegin: 78.031ms
	UnloadStreamsEnd: 0.207ms
	Untracked: 11.888ms

[ScriptCompilation] Requested script compilation because: AssetDatabase observed changes in script compilation related files
[Licensing::Client] Successfully resolved entitlement details
[Licensing::Module] License group:
  Id: F4-M77M-HXW8-HJ67-XE8W-XXXX
  Product: Unity Personal
  Type: ULF
  Expiration: Unlimited
[Licensing::Module] License group:
  Id: 10170777712478-UnityPersXXXX
  Product: Unity Personal
  Type: Assigned
  Expiration: Unlimited
info: Microsoft.AspNetCore.Hosting.Diagnostics[1]
      Request starting HTTP/2 POST http://ilpp/UnityILPP.PostProcessing/Ping - application/grpc -
info: Microsoft.AspNetCore.Routing.EndpointMiddleware[0]
      Executing endpoint 'gRPC - /UnityILPP.PostProcessing/Ping'
info: Microsoft.AspNetCore.Routing.EndpointMiddleware[1]
      Executed endpoint 'gRPC - /UnityILPP.PostProcessing/Ping'
info: Microsoft.AspNetCore.Hosting.Diagnostics[2]
      Request finished HTTP/2 POST http://ilpp/UnityILPP.PostProcessing/Ping - 200 - application/grpc 15.2746ms
Starting: /home/usio/Unity/Hub/Editor/6000.5.8f1/Data/Tools/BuildPipeline/bee_backend --ipc --defer-dag-verification --dagfile="Library/Bee/2400b0aE.dag" --continue-on-failure --profile="Library/Bee/backend1.traceevents" ScriptAssemblies
WorkingDir: /home/usio/Titan test
info: Microsoft.AspNetCore.Hosting.Diagnostics[1]
      Request starting HTTP/2 POST http://ilpp/UnityILPP.PostProcessing/ConfigurePostProcessors - application/grpc -
info: Microsoft.AspNetCore.Routing.EndpointMiddleware[0]
      Executing endpoint 'gRPC - /UnityILPP.PostProcessing/ConfigurePostProcessors'
info: Unity.ILPP.Runner.PostProcessingAssemblyLoadContext[0]
      Current configuration matches the requested one, skipping
info: Microsoft.AspNetCore.Routing.EndpointMiddleware[1]
      Executed endpoint 'gRPC - /UnityILPP.PostProcessing/ConfigurePostProcessors'
info: Microsoft.AspNetCore.Hosting.Diagnostics[2]
      Request finished HTTP/2 POST http://ilpp/UnityILPP.PostProcessing/ConfigurePostProcessors - 200 - application/grpc 11.7162ms
info: Microsoft.AspNetCore.Hosting.Diagnostics[1]
      Request starting HTTP/2 POST http://ilpp/UnityILPP.PostProcessing/PostProcessAssembly - application/grpc -
info: Microsoft.AspNetCore.Routing.EndpointMiddleware[0]
      Executing endpoint 'gRPC - /UnityILPP.PostProcessing/PostProcessAssembly'
info: Unity.ILPP.Runner.PostProcessingPipeline[0]
      Processing assembly Library/Bee/artifacts/2400b0aE.dag/Assembly-CSharp.dll, with 134 defines and 344 references
info: Unity.ILPP.Runner.PostProcessingPipeline[0]
      processors: Unity.Jobs.CodeGen.JobsILPostProcessor, zzzUnity.Burst.CodeGen.BurstILPostProcessor
info: Unity.ILPP.Runner.PostProcessingPipeline[0]
      running Unity.Jobs.CodeGen.JobsILPostProcessor
info: Unity.ILPP.Runner.PostProcessingAssemblyLoadContext[0]
      Resolved Unity.Collections, Version=0.0.0.0, Culture=neutral, PublicKeyToken=null with Library/Bee/artifacts/2400b0aE.dag/Unity.Collections.dll
info: Unity.ILPP.Runner.PostProcessingAssemblyLoadContext[0]
      Resolved UnityEditor.CoreModule, Version=0.0.0.0, Culture=neutral, PublicKeyToken=null with /home/usio/Unity/Hub/Editor/6000.5.8f1/Data/Managed/UnityEngine/UnityEditor.CoreModule.dll
info: Unity.ILPP.Runner.PostProcessingAssemblyLoadContext[0]
      Resolved UnityEngine.CoreModule, Version=0.0.0.0, Culture=neutral, PublicKeyToken=null with /home/usio/Unity/Hub/Editor/6000.5.8f1/Data/Managed/UnityEngine/UnityEngine.CoreModule.dll
info: Unity.ILPP.Runner.PostProcessingAssemblyLoadContext[0]
      Resolved Unity.Scripting, Version=0.0.0.0, Culture=neutral, PublicKeyToken=null with /home/usio/Unity/Hub/Editor/6000.5.8f1/Data/Managed/UnityEngine/Unity.Scripting.dll
info: Unity.ILPP.Runner.PostProcessingPipeline[0]
      running zzzUnity.Burst.CodeGen.BurstILPostProcessor
info: Unity.ILPP.Runner.PostProcessingAssemblyLoadContext[0]
      Resolved Unity.Burst.Cecil.Rocks, Version=0.11.6.0, Culture=neutral, PublicKeyToken=50cebf1cceb9d05e with Library/PackageCache/com.unity.burst@2f3d916873ea/Unity.Burst.CodeGen/Unity.Burst.Cecil.Rocks.dll
info: Microsoft.AspNetCore.Routing.EndpointMiddleware[1]
      Executed endpoint 'gRPC - /UnityILPP.PostProcessing/PostProcessAssembly'
info: Microsoft.AspNetCore.Hosting.Diagnostics[2]
      Request finished HTTP/2 POST http://ilpp/UnityILPP.PostProcessing/PostProcessAssembly - 200 - application/grpc 662.5085ms
info: Microsoft.AspNetCore.Hosting.Diagnostics[1]
      Request starting HTTP/2 POST http://ilpp/UnityILPP.PostProcessing/PostProcessAssembly - application/grpc -
info: Microsoft.AspNetCore.Routing.EndpointMiddleware[0]
      Executing endpoint 'gRPC - /UnityILPP.PostProcessing/PostProcessAssembly'
info: Unity.ILPP.Runner.PostProcessingPipeline[0]
      Processing assembly Library/Bee/artifacts/2400b0aE.dag/Assembly-CSharp-Editor.dll, with 132 defines and 368 references
info: Unity.ILPP.Runner.PostProcessingPipeline[0]
      processors: Unity.Jobs.CodeGen.JobsILPostProcessor, zzzUnity.Burst.CodeGen.BurstILPostProcessor
info: Unity.ILPP.Runner.PostProcessingPipeline[0]
      running Unity.Jobs.CodeGen.JobsILPostProcessor
info: Unity.ILPP.Runner.PostProcessingPipeline[0]
      running zzzUnity.Burst.CodeGen.BurstILPostProcessor
info: Microsoft.AspNetCore.Routing.EndpointMiddleware[1]
      Executed endpoint 'gRPC - /UnityILPP.PostProcessing/PostProcessAssembly'
info: Microsoft.AspNetCore.Hosting.Diagnostics[2]
      Request finished HTTP/2 POST http://ilpp/UnityILPP.PostProcessing/PostProcessAssembly - 200 - application/grpc 148.5939ms
ExitCode: 0 Duration: 9s666ms
[715/937    0s] ILPP-Configuration Library/ilpp-configuration.nevergeneratedoutput
[BUSY       6s] Csc Library/Bee/artifacts/2400b0aE.dag/Assembly-CSharp.dll (+2 others)
[929/937    7s] Csc Library/Bee/artifacts/2400b0aE.dag/Assembly-CSharp.dll (+2 others)
[930/937    0s] ILPostProcess Library/Bee/artifacts/2400b0aE.dag/post-processed/Assembly-CSharp.dll (+pdb)
Processing assembly Library/Bee/artifacts/2400b0aE.dag/Assembly-CSharp.dll, with 134 defines and 344 references
processors: Unity.Jobs.CodeGen.JobsILPostProcessor, zzzUnity.Burst.CodeGen.BurstILPostProcessor
running Unity.Jobs.CodeGen.JobsILPostProcessor
running zzzUnity.Burst.CodeGen.BurstILPostProcessor
[931/937    0s] CopyFiles Library/ScriptAssemblies/Assembly-CSharp.dll
[932/937    0s] CopyFiles Library/ScriptAssemblies/Assembly-CSharp.pdb
[933/937    2s] Csc Library/Bee/artifacts/2400b0aE.dag/Assembly-CSharp-Editor.dll (+2 others)
[934/937    0s] ILPostProcess Library/Bee/artifacts/2400b0aE.dag/post-processed/Assembly-CSharp-Editor.dll (+pdb)
Processing assembly Library/Bee/artifacts/2400b0aE.dag/Assembly-CSharp-Editor.dll, with 132 defines and 368 references
processors: Unity.Jobs.CodeGen.JobsILPostProcessor, zzzUnity.Burst.CodeGen.BurstILPostProcessor
running Unity.Jobs.CodeGen.JobsILPostProcessor
running zzzUnity.Burst.CodeGen.BurstILPostProcessor
[935/937    0s] CopyFiles Library/ScriptAssemblies/Assembly-CSharp-Editor.pdb
[936/937    0s] CopyFiles Library/ScriptAssemblies/Assembly-CSharp-Editor.dll
*** Tundra build success (9.56 seconds), 9 items updated, 937 evaluated
Total cache size 172573348
Total cache size after purge 172573348, took 00:00:00.5449838
Reloading assemblies after forced synchronous recompile.
Begin MonoManager ReloadAssembly
Assembly reference Packages/com.unity.cinemachine/Editor/Samples/ExposeHDRPInternals/HDRP-Editor-ref.asmref has no target assembly definition
Refreshing native plugins compatible for Editor in 3.22 ms, found 0 plugins.
Native extension for LinuxStandalone target not found
[MODES] ModeService[none].Initialize
[MODES] ModeService[none].LoadModes
ScheduleIndexationOnStartup MainProcess:True IndexOnStartup:True
Mono: successfully reloaded assembly
- Finished resetting the current domain, in  2.849 seconds
Domain Reload Profiling: 8388ms
	BeginReloadAssembly (3555ms)
		ExecutionOrderSort (3ms)
		DisableScriptedObjects (398ms)
		CreateAndSetChildDomain (2666ms)
	RebuildCommonClasses (10ms)
	RebuildNativeTypeToScriptingClass (10ms)
	initialDomainReloadingComplete (178ms)
	LoadAllAssembliesAndSetupDomain (1786ms)
		LoadAssemblies (1157ms)
		AnalyzeDomain (618ms)
			TypeCache.Refresh (64ms)
			BuildScriptInfoCaches (491ms)
			ResolveRequiredComponents (50ms)
	FinalizeReload (2850ms)
		SetupLoadedEditorAssemblies (0ms)
			BeforeProcessingInitializeOnLoad (415ms)
			ProcessInitializeOnLoadAttributes (789ms)
			ProcessInitializeOnLoadMethodAttributes (137ms)
			AfterProcessingInitializeOnLoad (4ms)
		AwakeInstancesAfterBackupRestoration (485ms)

Asset Pipeline Refresh (id=c631a4f0a375dae7b9b1ee28300177ad): Total: 21.269 seconds - Initiated by RefreshV2(AllowForceSynchronousImport)
	(Values over 0.05ms)
	Summary:
		Imports: total=0 (actual=0, local cache=0, cache server=0)
		Asset DB Process Time: managed=0 ms, native=4602 ms
		Asset DB Callback time: managed=178 ms, native=11 ms
		Scripting: domain reloads=1, domain reload time=5724 ms, compile time=10752 ms, other=0 ms
		Project Asset Count: scripts=1489, non-scripts=2731
		Asset File Changes: new=0, changed=2, moved=0, deleted=0
		Scan Filter Count: 1
	InvokePackagesCallback: 4.342ms
	ApplyChangesToAssetFolders: 1.709ms
	Scan: 1077.231ms
	Collect global state as custom dependencies: 3.676ms
	OnSourceAssetsModified: 25.411ms
	CategorizeScriptCompilationAssets: 0.865ms
	ProcessAssetsWithTransientArtifactChanges: 13.750ms
	CategorizeAssets: 265.347ms
	CompileScripts: 10752.252ms
	ImportOutOfDateAssets: 2934.294ms (2879.421ms without children)
		CollectScriptTypesHashes: 18.328ms
		ReloadNativeAssets: 1.269ms
		UnloadImportedAssets: 3.459ms
		EnsureUptoDateAssetsAreRegisteredWithGuidPM: 0.794ms
		ImportSchedulerStart: 49.205ms
	PostProcessAllAssets: 158.861ms
		PostProcessCallbackCreateDeferredMaterials 0.524ms
		XRBuildSystem.XRAssetImported 0.514ms
		ShaderAssetModifiedCallback 0.122ms
		PostprocessAssetsUpdateCachedIcon 0.059ms
		MonoPostProcessAllAssets: 156.465ms
			AssetPostprocessor.OnPostprocessAllAssets 98.719ms
			BuilderAssetPostprocessor.OnPostprocessAllAssets 9.559ms
			SyncVS.PostprocessSyncProject 8.884ms
			UniversalRenderPipelineGlobalSettingsPostprocessor.OnPostprocessAllAssets 8.537ms
			AssetChangedListener.OnPostprocessAllAssets 4.741ms
			WindowAssetPostprocessingWatcher.OnPostprocessAllAssets 1.714ms
			SpeedTree9Postprocessor.OnPostprocessAllAssets 1.525ms
			ShaderGraphAssetPostProcessor.OnPostprocessAllAssets 1.217ms
			RetainedModeAssetPostprocessor.OnPostprocessAllAssets 1.060ms
			EditModeScopePostprocessor.OnPostprocessAllAssets 0.920ms
			MaterialPostprocessor.OnPostprocessAllAssets 0.680ms
			ProjectSettingsPostprocessor.OnPostprocessAllAssets 0.647ms
			ArtifactBrowserPostProcessor.OnPostprocessAllAssets 0.596ms
			TMPro_TexturePostProcessor.OnPostprocessAllAssets 0.531ms
			RenderPipelineGlobalSettingsPostprocessor.OnPostprocessAllAssets 0.514ms
			TextAssetPostProcessor.OnPostprocessAllAssets 0.325ms
			AudioMixerPostprocessor.OnPostprocessAllAssets 0.321ms
			InputActionAssetPostprocessor.OnPostprocessAllAssets 0.295ms
			UVCSAssetPostprocessor.OnPostprocessAllAssets 0.285ms
			ShaderReflectionAssetPostProcessor.OnPostprocessAllAssets 0.284ms
			CinemachineSettings.OnPostprocessAllAssets 0.275ms
			SampleDependencyImporterPostProcessor.OnPostprocessAllAssets 0.258ms
			InputActionJsonNameModifierAssetProcessor.OnPostprocessAllAssets 0.255ms
			ReferencedClipsPostProcessor.OnPostprocessAllAssets 0.250ms
			StyleCatalogPostProcessor.OnPostprocessAllAssets 0.226ms
			PostProcessor.OnPostprocessAllAssets 0.221ms
			AssetEvents.OnPostprocessAllAssets 0.207ms
			DomainReloadProcessor.OnPostprocessAllAssets 0.178ms
			AudioContainerPostProcessor.OnPostprocessAllAssets 0.169ms
			SpeedTreePostProcessor.OnPostprocessAllAssets 0.157ms
			TerrainToolbarOverlayPostProcessor.OnPostprocessAllAssets 0.145ms
			ConfigAssetsTracker.OnPostprocessAllAssets 0.143ms
			AssetDatabaseCallbacks.OnPostprocessAllAssets 0.134ms
			ScenarioDriftAssetsTracker.OnPostprocessAllAssets 0.119ms
			SamplePostprocessor.OnPostprocessAllAssets 0.115ms
			AssetReloadNotifier.OnPostprocessAllAssets 0.096ms
	PostAssetChangesProfiler: 3.353ms
	GatherAllCurrentPrimaryImportResultRevisions: 6.940ms
	PersistCurrentRevisions: 0.145ms
	GenerateScriptTypeHashes: 15.053ms
	GenerateScriptTypeSerializationHashes: 25.712ms
	Untracked: 6000.768ms

[Licensing::Client] Successfully resolved entitlement details
[Licensing::Client] Successfully resolved entitlement details
[Licensing::Client] Successfully resolved entitlement details
[Worker1] Imported GUID: 6110faf3d8cf2d0d7911ed559006667c - Path: Assets/EnemyPrefabs/TestTitan.prefab - Importer: PreviewImporter -> (ImportResultId: 'e9d20b42e15bdf57abdd418cb44eab0b') in 0.864228445 seconds
GLX Extensions: GLX_ARB_context_flush_control GLX_ARB_create_context GLX_ARB_create_context_no_error GLX_ARB_create_context_profile GLX_ARB_create_context_robustness GLX_ARB_fbconfig_float GLX_ARB_framebuffer_sRGB GLX_ARB_get_proc_address GLX_ARB_multisample GLX_EXT_buffer_age GLX_EXT_create_context_es2_profile GLX_EXT_create_context_es_profile GLX_EXT_fbconfig_packed_float GLX_EXT_framebuffer_sRGB GLX_EXT_no_config_context GLX_EXT_swap_control GLX_EXT_swap_control_tear GLX_EXT_texture_from_pixmap GLX_EXT_visual_info GLX_EXT_visual_rating GLX_MESA_copy_sub_buffer GLX_MESA_gl_interop GLX_MESA_query_renderer GLX_MESA_swap_control GLX_OML_sync_control GLX_SGIS_multisample GLX_SGIX_fbconfig GLX_SGIX_pbuffer GLX_SGIX_visual_select_group GLX_SGI_make_current_read GLX_SGI_video_sync 
GLX Extensions: GLX_ARB_context_flush_control GLX_ARB_create_context GLX_ARB_create_context_no_error GLX_ARB_create_context_profile GLX_ARB_create_context_robustness GLX_ARB_fbconfig_float GLX_ARB_framebuffer_sRGB GLX_ARB_get_proc_address GLX_ARB_multisample GLX_EXT_buffer_age GLX_EXT_create_context_es2_profile GLX_EXT_create_context_es_profile GLX_EXT_fbconfig_packed_float GLX_EXT_framebuffer_sRGB GLX_EXT_no_config_context GLX_EXT_swap_control GLX_EXT_swap_control_tear GLX_EXT_texture_from_pixmap GLX_EXT_visual_info GLX_EXT_visual_rating GLX_MESA_copy_sub_buffer GLX_MESA_gl_interop GLX_MESA_query_renderer GLX_MESA_swap_control GLX_OML_sync_control GLX_SGIS_multisample GLX_SGIX_fbconfig GLX_SGIX_pbuffer GLX_SGIX_visual_select_group GLX_SGI_make_current_read GLX_SGI_video_sync 
GLX Extensions: GLX_ARB_context_flush_control GLX_ARB_create_context GLX_ARB_create_context_no_error GLX_ARB_create_context_profile GLX_ARB_create_context_robustness GLX_ARB_fbconfig_float GLX_ARB_framebuffer_sRGB GLX_ARB_get_proc_address GLX_ARB_multisample GLX_EXT_buffer_age GLX_EXT_create_context_es2_profile GLX_EXT_create_context_es_profile GLX_EXT_fbconfig_packed_float GLX_EXT_framebuffer_sRGB GLX_EXT_no_config_context GLX_EXT_swap_control GLX_EXT_swap_control_tear GLX_EXT_texture_from_pixmap GLX_EXT_visual_info GLX_EXT_visual_rating GLX_MESA_copy_sub_buffer GLX_MESA_gl_interop GLX_MESA_query_renderer GLX_MESA_swap_control GLX_OML_sync_control GLX_SGIS_multisample GLX_SGIX_fbconfig GLX_SGIX_pbuffer GLX_SGIX_visual_select_group GLX_SGI_make_current_read GLX_SGI_video_sync 
GLX Extensions: GLX_ARB_context_flush_control GLX_ARB_create_context GLX_ARB_create_context_no_error GLX_ARB_create_context_profile GLX_ARB_create_context_robustness GLX_ARB_fbconfig_float GLX_ARB_framebuffer_sRGB GLX_ARB_get_proc_address GLX_ARB_multisample GLX_EXT_buffer_age GLX_EXT_create_context_es2_profile GLX_EXT_create_context_es_profile GLX_EXT_fbconfig_packed_float GLX_EXT_framebuffer_sRGB GLX_EXT_no_config_context GLX_EXT_swap_control GLX_EXT_swap_control_tear GLX_EXT_texture_from_pixmap GLX_EXT_visual_info GLX_EXT_visual_rating GLX_MESA_copy_sub_buffer GLX_MESA_gl_interop GLX_MESA_query_renderer GLX_MESA_swap_control GLX_OML_sync_control GLX_SGIS_multisample GLX_SGIX_fbconfig GLX_SGIX_pbuffer GLX_SGIX_visual_select_group GLX_SGI_make_current_read GLX_SGI_video_sync 
GLX Extensions: GLX_ARB_context_flush_control GLX_ARB_create_context GLX_ARB_create_context_no_error GLX_ARB_create_context_profile GLX_ARB_create_context_robustness GLX_ARB_fbconfig_float GLX_ARB_framebuffer_sRGB GLX_ARB_get_proc_address GLX_ARB_multisample GLX_EXT_buffer_age GLX_EXT_create_context_es2_profile GLX_EXT_create_context_es_profile GLX_EXT_fbconfig_packed_float GLX_EXT_framebuffer_sRGB GLX_EXT_no_config_context GLX_EXT_swap_control GLX_EXT_swap_control_tear GLX_EXT_texture_from_pixmap GLX_EXT_visual_info GLX_EXT_visual_rating GLX_MESA_copy_sub_buffer GLX_MESA_gl_interop GLX_MESA_query_renderer GLX_MESA_swap_control GLX_OML_sync_control GLX_SGIS_multisample GLX_SGIX_fbconfig GLX_SGIX_pbuffer GLX_SGIX_visual_select_group GLX_SGI_make_current_read GLX_SGI_video_sync 
GLX Extensions: GLX_ARB_context_flush_control GLX_ARB_create_context GLX_ARB_create_context_no_error GLX_ARB_create_context_profile GLX_ARB_create_context_robustness GLX_ARB_fbconfig_float GLX_ARB_framebuffer_sRGB GLX_ARB_get_proc_address GLX_ARB_multisample GLX_EXT_buffer_age GLX_EXT_create_context_es2_profile GLX_EXT_create_context_es_profile GLX_EXT_fbconfig_packed_float GLX_EXT_framebuffer_sRGB GLX_EXT_no_config_context GLX_EXT_swap_control GLX_EXT_swap_control_tear GLX_EXT_texture_from_pixmap GLX_EXT_visual_info GLX_EXT_visual_rating GLX_MESA_copy_sub_buffer GLX_MESA_gl_interop GLX_MESA_query_renderer GLX_MESA_swap_control GLX_OML_sync_control GLX_SGIS_multisample GLX_SGIX_fbconfig GLX_SGIX_pbuffer GLX_SGIX_visual_select_group GLX_SGI_make_current_read GLX_SGI_video_sync 
GLX Extensions: GLX_ARB_context_flush_control GLX_ARB_create_context GLX_ARB_create_context_no_error GLX_ARB_create_context_profile GLX_ARB_create_context_robustness GLX_ARB_fbconfig_float GLX_ARB_framebuffer_sRGB GLX_ARB_get_proc_address GLX_ARB_multisample GLX_EXT_buffer_age GLX_EXT_create_context_es2_profile GLX_EXT_create_context_es_profile GLX_EXT_fbconfig_packed_float GLX_EXT_framebuffer_sRGB GLX_EXT_no_config_context GLX_EXT_swap_control GLX_EXT_swap_control_tear GLX_EXT_texture_from_pixmap GLX_EXT_visual_info GLX_EXT_visual_rating GLX_MESA_copy_sub_buffer GLX_MESA_gl_interop GLX_MESA_query_renderer GLX_MESA_swap_control GLX_OML_sync_control GLX_SGIS_multisample GLX_SGIX_fbconfig GLX_SGIX_pbuffer GLX_SGIX_visual_select_group GLX_SGI_make_current_read GLX_SGI_video_sync 
Reloading assemblies for play mode.
Reloading assemblies after forced synchronous recompile.
[Licensing::Client] Successfully resolved entitlement details
[Licensing::Module] License group:
  Id: F4-M77M-HXW8-HJ67-XE8W-XXXX
  Product: Unity Personal
  Type: ULF
  Expiration: Unlimited
[Licensing::Module] License group:
  Id: 10170777712478-UnityPersXXXX
  Product: Unity Personal
  Type: Assigned
  Expiration: Unlimited
Begin MonoManager ReloadAssembly
Assembly reference Packages/com.unity.cinemachine/Editor/Samples/ExposeHDRPInternals/HDRP-Editor-ref.asmref has no target assembly definition
Refreshing native plugins compatible for Editor in 9.88 ms, found 0 plugins.
Native extension for LinuxStandalone target not found
ScheduleIndexationOnStartup MainProcess:True IndexOnStartup:True
[MODES] ModeService[none].Initialize
[MODES] ModeService[none].LoadModes
Mono: successfully reloaded assembly
- Finished resetting the current domain, in  3.251 seconds
Domain Reload Profiling: 7792ms
	BeginReloadAssembly (2740ms)
		DisableScriptedObjects (152ms)
		CreateAndSetChildDomain (1540ms)
	RebuildCommonClasses (84ms)
	RebuildNativeTypeToScriptingClass (9ms)
	initialDomainReloadingComplete (755ms)
	LoadAllAssembliesAndSetupDomain (950ms)
		LoadAssemblies (1574ms)
		AnalyzeDomain (103ms)
			TypeCache.Refresh (22ms)
			ResolveRequiredComponents (65ms)
	FinalizeReload (3253ms)
		SetupLoadedEditorAssemblies (0ms)
			InitializePlatformSupportModulesInManaged (3ms)
			BeforeProcessingInitializeOnLoad (169ms)
			ProcessInitializeOnLoadAttributes (464ms)
			ProcessInitializeOnLoadMethodAttributes (123ms)
			EditorAssembliesLoaded (15ms)
		AwakeInstancesAfterBackupRestoration (1160ms)

Asset Pipeline Refresh (id=9ccebf1551778467190f97cac90b8b2e): Total: 8.519 seconds - Initiated by StopAssetImportingV2(ForceSynchronousImport | ForceDomainReload)
	(Values over 0.05ms)
	Summary:
		Imports: total=0 (actual=0, local cache=0, cache server=0)
		Asset DB Process Time: managed=0 ms, native=3832 ms
		Asset DB Callback time: managed=91 ms, native=0 ms
		Scripting: domain reloads=1, domain reload time=4592 ms, compile time=3 ms, other=0 ms
		Project Asset Count: scripts=1489, non-scripts=2731
		Asset File Changes: new=0, changed=0, moved=0, deleted=0
		Scan Filter Count: 0
	InvokePackagesCallback: 10.216ms
	ApplyChangesToAssetFolders: 0.774ms
	Collect global state as custom dependencies: 5.110ms
	ProcessAssetsWithTransientArtifactChanges: 2.522ms
	CategorizeAssets: 221.453ms
	CompileScripts: 2.631ms
	ImportOutOfDateAssets: 3447.528ms (3333.926ms without children)
		CollectScriptTypesHashes: 1.799ms
		ReloadNativeAssets: 1.420ms
		UnloadImportedAssets: 0.320ms
		EnsureUptoDateAssetsAreRegisteredWithGuidPM: 1.507ms
		ImportSchedulerStart: 110.312ms
	PostProcessAllAssets: 91.246ms
		MonoPostProcessAllAssets: 91.235ms
			AssetPostprocessor.OnPostprocessAllAssets 98.719ms
			UniversalRenderPipelineGlobalSettingsPostprocessor.OnPostprocessAllAssets 26.937ms
			SyncVS.PostprocessSyncProject 19.251ms
			BuilderAssetPostprocessor.OnPostprocessAllAssets 9.559ms
			SpeedTree9Postprocessor.OnPostprocessAllAssets 5.383ms
			WindowAssetPostprocessingWatcher.OnPostprocessAllAssets 4.909ms
			AssetChangedListener.OnPostprocessAllAssets 4.741ms
			ProjectSettingsPostprocessor.OnPostprocessAllAssets 1.922ms
			RenderPipelineGlobalSettingsPostprocessor.OnPostprocessAllAssets 1.862ms
			DomainReloadProcessor.OnPostprocessAllAssets 1.552ms
			ShaderReflectionAssetPostProcessor.OnPostprocessAllAssets 1.233ms
			ShaderGraphAssetPostProcessor.OnPostprocessAllAssets 1.217ms
			RetainedModeAssetPostprocessor.OnPostprocessAllAssets 1.060ms
			EditModeScopePostprocessor.OnPostprocessAllAssets 0.902ms
			CinemachineSettings.OnPostprocessAllAssets 0.850ms
			InputActionAssetPostprocessor.OnPostprocessAllAssets 0.756ms
			ReferencedClipsPostProcessor.OnPostprocessAllAssets 0.755ms
			MaterialPostprocessor.OnPostprocessAllAssets 0.680ms
			ArtifactBrowserPostProcessor.OnPostprocessAllAssets 0.596ms
			TMPro_TexturePostProcessor.OnPostprocessAllAssets 0.531ms
			TerrainToolbarOverlayPostProcessor.OnPostprocessAllAssets 0.421ms
			AssetDatabaseCallbacks.OnPostprocessAllAssets 0.341ms
			TextAssetPostProcessor.OnPostprocessAllAssets 0.325ms
			AudioMixerPostprocessor.OnPostprocessAllAssets 0.321ms
			UVCSAssetPostprocessor.OnPostprocessAllAssets 0.285ms
			SampleDependencyImporterPostProcessor.OnPostprocessAllAssets 0.258ms
			InputActionJsonNameModifierAssetProcessor.OnPostprocessAllAssets 0.255ms
			StyleCatalogPostProcessor.OnPostprocessAllAssets 0.226ms
			PostProcessor.OnPostprocessAllAssets 0.221ms
			AssetEvents.OnPostprocessAllAssets 0.207ms
			AudioContainerPostProcessor.OnPostprocessAllAssets 0.169ms
			SpeedTreePostProcessor.OnPostprocessAllAssets 0.157ms
			ConfigAssetsTracker.OnPostprocessAllAssets 0.143ms
			ScenarioDriftAssetsTracker.OnPostprocessAllAssets 0.119ms
			SamplePostprocessor.OnPostprocessAllAssets 0.115ms
			AssetReloadNotifier.OnPostprocessAllAssets 0.096ms
	GatherAllCurrentPrimaryImportResultRevisions: 0.395ms
	UnloadStreamsBegin: 3.008ms
	PersistCurrentRevisions: 0.474ms
	GenerateScriptTypeHashes: 3.795ms
	GenerateScriptTypeSerializationHashes: 6.342ms
	Untracked: 4726.154ms

Warning: X server took longer than 119 milliseconds to respond to GtkWidgetFocusing
TestTitan: EnemySurfaceNavigator needs an EnemyClimbController on the same object.
UnityEngine.Debug:ExtractStackTraceNoAlloc (byte*,int,string)
UnityEngine.StackTraceUtility:ExtractStackTrace () (at /home/bokken/build/output/unity/unity/Runtime/Export/Scripting/StackTrace.cs:35)
UnityEngine.DebugLogHandler:Internal_Log (UnityEngine.LogType,UnityEngine.LogOption,string,UnityEngine.Object)
UnityEngine.DebugLogHandler:LogFormat (UnityEngine.LogType,UnityEngine.Object,string,object[])
UnityEngine.Logger:Log (UnityEngine.LogType,object)
UnityEngine.Debug:LogError (object)
EnemyGroundNavigator:Awake () (at Assets/Scripts/EnemyScripts/EnemyGroundNavigator.cs:40)

(Filename: Assets/Scripts/EnemyScripts/EnemyGroundNavigator.cs Line: 40)

Titan TestTitan did not find skillUser component
UnityEngine.Debug:ExtractStackTraceNoAlloc (byte*,int,string)
UnityEngine.StackTraceUtility:ExtractStackTrace () (at /home/bokken/build/output/unity/unity/Runtime/Export/Scripting/StackTrace.cs:35)
UnityEngine.DebugLogHandler:Internal_Log (UnityEngine.LogType,UnityEngine.LogOption,string,UnityEngine.Object)
UnityEngine.DebugLogHandler:LogFormat (UnityEngine.LogType,UnityEngine.Object,string,object[])
UnityEngine.Logger:Log (UnityEngine.LogType,object)
UnityEngine.Debug:Log (object)
TestTitan:Awake () (at Assets/Scripts/EnemyScripts/TestTitan.cs:54)

(Filename: Assets/Scripts/EnemyScripts/TestTitan.cs Line: 54)

Loaded scene 'Temp/__Backupscenes/0.backup'
	Deserialize:            77.232 ms
	Integration:            910.723 ms
	Integration of assets:  0.073 ms
	Thread Wait Time:       -0.066 ms
	Total Operation Time:   987.962 ms
[Licensing::Client] Successfully resolved entitlement details
[Licensing::Client] Successfully resolved entitlement details
[Licensing::Client] Successfully resolved entitlement details
Unloading 2 Unused Serialized files (Serialized files now loaded: 0)
Loaded scene 'Temp/__Backupscenes/0.backup'
	Deserialize:            70.495 ms
	Integration:            341.908 ms
	Integration of assets:  0.071 ms
	Thread Wait Time:       -0.041 ms
	Total Operation Time:   412.432 ms
Unloading 62 unused Assets / (0.5 MB). Loaded Objects now: 9943.
Memory consumption went from 371.2 MB to 370.7 MB.
Total: 58.813410 ms (FindLiveObjects: 1.189890 ms CreateObjectMapping: 3.238406 ms MarkObjects: 52.011803 ms  DeleteObjects: 2.370812 ms)

[Licensing::Client] Successfully resolved entitlement details
[Licensing::Module] License group:
  Id: F4-M77M-HXW8-HJ67-XE8W-XXXX
  Product: Unity Personal
  Type: ULF
  Expiration: Unlimited
[Licensing::Module] License group:
  Id: 10170777712478-UnityPersXXXX
  Product: Unity Personal
  Type: Assigned
  Expiration: Unlimited
GLX Extensions: GLX_ARB_context_flush_control GLX_ARB_create_context GLX_ARB_create_context_no_error GLX_ARB_create_context_profile GLX_ARB_create_context_robustness GLX_ARB_fbconfig_float GLX_ARB_framebuffer_sRGB GLX_ARB_get_proc_address GLX_ARB_multisample GLX_EXT_buffer_age GLX_EXT_create_context_es2_profile GLX_EXT_create_context_es_profile GLX_EXT_fbconfig_packed_float GLX_EXT_framebuffer_sRGB GLX_EXT_no_config_context GLX_EXT_swap_control GLX_EXT_swap_control_tear GLX_EXT_texture_from_pixmap GLX_EXT_visual_info GLX_EXT_visual_rating GLX_MESA_copy_sub_buffer GLX_MESA_gl_interop GLX_MESA_query_renderer GLX_MESA_swap_control GLX_OML_sync_control GLX_SGIS_multisample GLX_SGIX_fbconfig GLX_SGIX_pbuffer GLX_SGIX_visual_select_group GLX_SGI_make_current_read GLX_SGI_video_sync 
[ScriptCompilation] Requested script compilation because: AssetDatabase observed changes in script compilation related files
AssetDatabase: script compilation time: 0.020795s
[Licensing::Client] Successfully resolved entitlement details
[Licensing::Module] License group:
  Id: F4-M77M-HXW8-HJ67-XE8W-XXXX
  Product: Unity Personal
  Type: ULF
  Expiration: Unlimited
[Licensing::Module] License group:
  Id: 10170777712478-UnityPersXXXX
  Product: Unity Personal
  Type: Assigned
  Expiration: Unlimited
info: Microsoft.AspNetCore.Hosting.Diagnostics[1]
      Request starting HTTP/2 POST http://ilpp/UnityILPP.PostProcessing/Ping - application/grpc -
info: Microsoft.AspNetCore.Routing.EndpointMiddleware[0]
      Executing endpoint 'gRPC - /UnityILPP.PostProcessing/Ping'
info: Microsoft.AspNetCore.Routing.EndpointMiddleware[1]
      Executed endpoint 'gRPC - /UnityILPP.PostProcessing/Ping'
info: Microsoft.AspNetCore.Hosting.Diagnostics[2]
      Request finished HTTP/2 POST http://ilpp/UnityILPP.PostProcessing/Ping - 200 - application/grpc 19.0877ms
Starting: /home/usio/Unity/Hub/Editor/6000.5.8f1/Data/Tools/BuildPipeline/bee_backend --ipc --defer-dag-verification --dagfile="Library/Bee/2400b0aE.dag" --continue-on-failure --profile="Library/Bee/backend1.traceevents" ScriptAssemblies
WorkingDir: /home/usio/Titan test
info: Microsoft.AspNetCore.Hosting.Diagnostics[1]
      Request starting HTTP/2 POST http://ilpp/UnityILPP.PostProcessing/ConfigurePostProcessors - application/grpc -
info: Microsoft.AspNetCore.Routing.EndpointMiddleware[0]
      Executing endpoint 'gRPC - /UnityILPP.PostProcessing/ConfigurePostProcessors'
info: Unity.ILPP.Runner.PostProcessingAssemblyLoadContext[0]
      Current configuration matches the requested one, skipping
info: Microsoft.AspNetCore.Routing.EndpointMiddleware[1]
      Executed endpoint 'gRPC - /UnityILPP.PostProcessing/ConfigurePostProcessors'
info: Microsoft.AspNetCore.Hosting.Diagnostics[2]
      Request finished HTTP/2 POST http://ilpp/UnityILPP.PostProcessing/ConfigurePostProcessors - 200 - application/grpc 2.8131ms
info: Microsoft.AspNetCore.Hosting.Diagnostics[1]
      Request starting HTTP/2 POST http://ilpp/UnityILPP.PostProcessing/PostProcessAssembly - application/grpc -
info: Microsoft.AspNetCore.Routing.EndpointMiddleware[0]
      Executing endpoint 'gRPC - /UnityILPP.PostProcessing/PostProcessAssembly'
info: Microsoft.AspNetCore.Hosting.Diagnostics[1]
      Request starting HTTP/2 POST http://ilpp/UnityILPP.PostProcessing/PostProcessAssembly - application/grpc -
info: Microsoft.AspNetCore.Routing.EndpointMiddleware[0]
      Executing endpoint 'gRPC - /UnityILPP.PostProcessing/PostProcessAssembly'
info: Unity.ILPP.Runner.PostProcessingPipeline[0]
      Processing assembly Library/Bee/artifacts/2400b0aE.dag/Assembly-CSharp-Editor.dll, with 132 defines and 368 references
info: Unity.ILPP.Runner.PostProcessingPipeline[0]
      Processing assembly Library/Bee/artifacts/2400b0aE.dag/Assembly-CSharp.dll, with 134 defines and 344 references
info: Unity.ILPP.Runner.PostProcessingPipeline[0]
      processors: Unity.Jobs.CodeGen.JobsILPostProcessor, zzzUnity.Burst.CodeGen.BurstILPostProcessor
info: Unity.ILPP.Runner.PostProcessingPipeline[0]
      processors: Unity.Jobs.CodeGen.JobsILPostProcessor, zzzUnity.Burst.CodeGen.BurstILPostProcessor
info: Unity.ILPP.Runner.PostProcessingPipeline[0]
      running Unity.Jobs.CodeGen.JobsILPostProcessor
info: Unity.ILPP.Runner.PostProcessingPipeline[0]
      running Unity.Jobs.CodeGen.JobsILPostProcessor
info: Unity.ILPP.Runner.PostProcessingPipeline[0]
      running zzzUnity.Burst.CodeGen.BurstILPostProcessor
info: Unity.ILPP.Runner.PostProcessingPipeline[0]
      running zzzUnity.Burst.CodeGen.BurstILPostProcessor
info: Microsoft.AspNetCore.Routing.EndpointMiddleware[1]
      Executed endpoint 'gRPC - /UnityILPP.PostProcessing/PostProcessAssembly'
info: Microsoft.AspNetCore.Hosting.Diagnostics[2]
      Request finished HTTP/2 POST http://ilpp/UnityILPP.PostProcessing/PostProcessAssembly - 200 - application/grpc 65.4752ms
info: Microsoft.AspNetCore.Routing.EndpointMiddleware[1]
      Executed endpoint 'gRPC - /UnityILPP.PostProcessing/PostProcessAssembly'
info: Microsoft.AspNetCore.Hosting.Diagnostics[2]
      Request finished HTTP/2 POST http://ilpp/UnityILPP.PostProcessing/PostProcessAssembly - 200 - application/grpc 76.8753ms
ExitCode: 0 Duration: 1s7ms
[715/937    0s] ILPP-Configuration Library/ilpp-configuration.nevergeneratedoutput
[929/937    0s] Csc Library/Bee/artifacts/2400b0aE.dag/Assembly-CSharp.dll (+2 others)
[931/937    0s] ILPostProcess Library/Bee/artifacts/2400b0aE.dag/post-processed/Assembly-CSharp.dll (+pdb)
Processing assembly Library/Bee/artifacts/2400b0aE.dag/Assembly-CSharp.dll, with 134 defines and 344 references
processors: Unity.Jobs.CodeGen.JobsILPostProcessor, zzzUnity.Burst.CodeGen.BurstILPostProcessor
running Unity.Jobs.CodeGen.JobsILPostProcessor
running zzzUnity.Burst.CodeGen.BurstILPostProcessor
[932/937    0s] ILPostProcess Library/Bee/artifacts/2400b0aE.dag/post-processed/Assembly-CSharp-Editor.dll (+pdb)
Processing assembly Library/Bee/artifacts/2400b0aE.dag/Assembly-CSharp-Editor.dll, with 132 defines and 368 references
processors: Unity.Jobs.CodeGen.JobsILPostProcessor, zzzUnity.Burst.CodeGen.BurstILPostProcessor
running Unity.Jobs.CodeGen.JobsILPostProcessor
running zzzUnity.Burst.CodeGen.BurstILPostProcessor
[935/937    0s] CopyFiles Library/ScriptAssemblies/Assembly-CSharp.dll
[936/937    0s] CopyFiles Library/ScriptAssemblies/Assembly-CSharp.pdb
*** Tundra build success (0.89 seconds), 6 items updated, 937 evaluated
Reloading assemblies after forced synchronous recompile.
Begin MonoManager ReloadAssembly
Total cache size 172573348
Total cache size after purge 172573348, took 00:00:01.6459273
Assembly reference Packages/com.unity.cinemachine/Editor/Samples/ExposeHDRPInternals/HDRP-Editor-ref.asmref has no target assembly definition
Native extension for LinuxStandalone target not found
[MODES] ModeService[none].Initialize
[MODES] ModeService[none].LoadModes
ScheduleIndexationOnStartup MainProcess:True IndexOnStartup:True
Mono: successfully reloaded assembly
- Finished resetting the current domain, in  2.216 seconds
Domain Reload Profiling: 8079ms
	BeginReloadAssembly (4350ms)
		DisableScriptedObjects (416ms)
		CreateAndSetChildDomain (2794ms)
	RebuildCommonClasses (10ms)
	RebuildNativeTypeToScriptingClass (9ms)
	initialDomainReloadingComplete (292ms)
	LoadAllAssembliesAndSetupDomain (1200ms)
		LoadAssemblies (712ms)
		AnalyzeDomain (569ms)
			TypeCache.Refresh (24ms)
			BuildScriptInfoCaches (492ms)
			ResolveRequiredComponents (47ms)
	FinalizeReload (2218ms)
		SetupLoadedEditorAssemblies (0ms)
			BeforeProcessingInitializeOnLoad (301ms)
			ProcessInitializeOnLoadAttributes (514ms)
			ProcessInitializeOnLoadMethodAttributes (101ms)
		AwakeInstancesAfterBackupRestoration (641ms)

Asset Pipeline Refresh (id=8f1194bec391ccf5bb3a290534e6fc4a): Total: 13.697 seconds - Initiated by RefreshV2(AllowForceSynchronousImport)
	(Values over 0.05ms)
	Summary:
		Imports: total=0 (actual=0, local cache=0, cache server=0)
		Asset DB Process Time: managed=0 ms, native=3857 ms
		Asset DB Callback time: managed=73 ms, native=246 ms
		Scripting: domain reloads=1, domain reload time=6529 ms, compile time=2967 ms, other=0 ms
		Project Asset Count: scripts=1489, non-scripts=2731
		Asset File Changes: new=0, changed=1, moved=0, deleted=0
		Scan Filter Count: 1
	InvokeCustomDependenciesCallbacks: 0.079ms
	InvokePackagesCallback: 239.392ms
	ApplyChangesToAssetFolders: 3.522ms
	Scan: 994.432ms
	Collect global state as custom dependencies: 11.345ms
	OnSourceAssetsModified: 18.275ms
	CategorizeScriptCompilationAssets: 0.331ms
	ProcessAssetsWithTransientArtifactChanges: 18.901ms
	CategorizeAssets: 196.507ms
	CompileScripts: 2966.769ms
	ImportOutOfDateAssets: 2313.545ms (2252.061ms without children)
		CollectScriptTypesHashes: 8.024ms
		ReloadNativeAssets: 1.544ms
		UnloadImportedAssets: 0.450ms
		EnsureUptoDateAssetsAreRegisteredWithGuidPM: 1.149ms
		ImportSchedulerStart: 58.295ms
	PostProcessAllAssets: 57.297ms
		XRBuildSystem.XRAssetImported 0.635ms
		PostProcessCallbackCreateDeferredMaterials 0.459ms
		MonoPostProcessAllAssets: 55.410ms
			UniversalRenderPipelineGlobalSettingsPostprocessor.OnPostprocessAllAssets 8.776ms
			SyncVS.PostprocessSyncProject 6.653ms
			BuilderAssetPostprocessor.OnPostprocessAllAssets 5.400ms
			AssetChangedListener.OnPostprocessAllAssets 4.747ms
			AssetPostprocessor.OnPostprocessAllAssets 3.127ms
			SpeedTree9Postprocessor.OnPostprocessAllAssets 2.241ms
			WindowAssetPostprocessingWatcher.OnPostprocessAllAssets 1.825ms
			ShaderGraphAssetPostProcessor.OnPostprocessAllAssets 1.359ms
			RetainedModeAssetPostprocessor.OnPostprocessAllAssets 1.099ms
			MaterialPostprocessor.OnPostprocessAllAssets 1.057ms
			ProjectSettingsPostprocessor.OnPostprocessAllAssets 1.033ms
			EditModeScopePostprocessor.OnPostprocessAllAssets 0.967ms
			TMPro_TexturePostProcessor.OnPostprocessAllAssets 0.570ms
			RenderPipelineGlobalSettingsPostprocessor.OnPostprocessAllAssets 0.560ms
			ArtifactBrowserPostProcessor.OnPostprocessAllAssets 0.494ms
			TextAssetPostProcessor.OnPostprocessAllAssets 0.348ms
			InputActionAssetPostprocessor.OnPostprocessAllAssets 0.331ms
			InputActionJsonNameModifierAssetProcessor.OnPostprocessAllAssets 0.309ms
			CinemachineSettings.OnPostprocessAllAssets 0.302ms
			UVCSAssetPostprocessor.OnPostprocessAllAssets 0.287ms
			ShaderReflectionAssetPostProcessor.OnPostprocessAllAssets 0.276ms
			SampleDependencyImporterPostProcessor.OnPostprocessAllAssets 0.264ms
			AudioMixerPostprocessor.OnPostprocessAllAssets 0.262ms
			PostProcessor.OnPostprocessAllAssets 0.209ms
			ReferencedClipsPostProcessor.OnPostprocessAllAssets 0.207ms
			AssetEvents.OnPostprocessAllAssets 0.200ms
			DomainReloadProcessor.OnPostprocessAllAssets 0.178ms
			SpeedTreePostProcessor.OnPostprocessAllAssets 0.171ms
			TerrainToolbarOverlayPostProcessor.OnPostprocessAllAssets 0.169ms
			StyleCatalogPostProcessor.OnPostprocessAllAssets 0.165ms
			AssetDatabaseCallbacks.OnPostprocessAllAssets 0.132ms
			SamplePostprocessor.OnPostprocessAllAssets 0.120ms
			ConfigAssetsTracker.OnPostprocessAllAssets 0.106ms
			ScenarioDriftAssetsTracker.OnPostprocessAllAssets 0.099ms
			AssetReloadNotifier.OnPostprocessAllAssets 0.082ms
			AudioContainerPostProcessor.OnPostprocessAllAssets 0.059ms
	PostAssetChangesProfiler: 4.486ms
	GatherAllCurrentPrimaryImportResultRevisions: 37.387ms
	UnloadStreamsBegin: 74.068ms
	PersistCurrentRevisions: 0.287ms
	GenerateScriptTypeHashes: 4.360ms
	GenerateScriptTypeSerializationHashes: 7.377ms
	Untracked: 6744.373ms

[Licensing::Client] Successfully resolved entitlement details
[Licensing::Client] Successfully resolved entitlement details
[Licensing::Client] Successfully resolved entitlement details
Reloading assemblies for play mode.
Reloading assemblies after forced synchronous recompile.
Begin MonoManager ReloadAssembly
Assembly reference Packages/com.unity.cinemachine/Editor/Samples/ExposeHDRPInternals/HDRP-Editor-ref.asmref has no target assembly definition
Native extension for LinuxStandalone target not found
ScheduleIndexationOnStartup MainProcess:True IndexOnStartup:True
[MODES] ModeService[none].Initialize
[MODES] ModeService[none].LoadModes
Mono: successfully reloaded assembly
- Finished resetting the current domain, in  2.231 seconds
Domain Reload Profiling: 4986ms
	BeginReloadAssembly (2098ms)
		DisableScriptedObjects (105ms)
		CreateAndSetChildDomain (1346ms)
	RebuildCommonClasses (11ms)
	RebuildNativeTypeToScriptingClass (9ms)
	initialDomainReloadingComplete (119ms)
	LoadAllAssembliesAndSetupDomain (517ms)
		LoadAssemblies (784ms)
		AnalyzeDomain (51ms)
			TypeCache.Refresh (12ms)
			ResolveRequiredComponents (30ms)
	FinalizeReload (2233ms)
		SetupLoadedEditorAssemblies (0ms)
			BeforeProcessingInitializeOnLoad (106ms)
			ProcessInitializeOnLoadAttributes (412ms)
			ProcessInitializeOnLoadMethodAttributes (162ms)
			AfterProcessingInitializeOnLoad (8ms)
		AwakeInstancesAfterBackupRestoration (846ms)

Asset Pipeline Refresh (id=c0830935f6851a1eeb81dda8ac3287bb): Total: 5.261 seconds - Initiated by StopAssetImportingV2(ForceSynchronousImport | ForceDomainReload)
	(Values over 0.05ms)
	Summary:
		Imports: total=0 (actual=0, local cache=0, cache server=0)
		Asset DB Process Time: managed=0 ms, native=2411 ms
		Asset DB Callback time: managed=30 ms, native=0 ms
		Scripting: domain reloads=1, domain reload time=2817 ms, compile time=2 ms, other=0 ms
		Project Asset Count: scripts=1489, non-scripts=2731
		Asset File Changes: new=0, changed=0, moved=0, deleted=0
		Scan Filter Count: 0
	InvokePackagesCallback: 0.430ms
	ApplyChangesToAssetFolders: 0.355ms
	Collect global state as custom dependencies: 2.239ms
	ProcessAssetsWithTransientArtifactChanges: 1.361ms
	CategorizeAssets: 62.379ms
	CompileScripts: 1.633ms
	ImportOutOfDateAssets: 2289.267ms (2249.794ms without children)
		CollectScriptTypesHashes: 0.858ms
		ReloadNativeAssets: 1.077ms
		UnloadImportedAssets: 0.121ms
		EnsureUptoDateAssetsAreRegisteredWithGuidPM: 0.597ms
		ImportSchedulerStart: 37.646ms
	PostProcessAllAssets: 30.154ms
		MonoPostProcessAllAssets: 30.148ms
			UniversalRenderPipelineGlobalSettingsPostprocessor.OnPostprocessAllAssets 8.662ms
			SyncVS.PostprocessSyncProject 7.011ms
			BuilderAssetPostprocessor.OnPostprocessAllAssets 5.400ms
			AssetChangedListener.OnPostprocessAllAssets 4.747ms
			AssetPostprocessor.OnPostprocessAllAssets 3.127ms
			WindowAssetPostprocessingWatcher.OnPostprocessAllAssets 1.540ms
			SpeedTree9Postprocessor.OnPostprocessAllAssets 1.526ms
			ShaderGraphAssetPostProcessor.OnPostprocessAllAssets 1.359ms
			RetainedModeAssetPostprocessor.OnPostprocessAllAssets 1.099ms
			MaterialPostprocessor.OnPostprocessAllAssets 1.057ms
			ProjectSettingsPostprocessor.OnPostprocessAllAssets 0.581ms
			TMPro_TexturePostProcessor.OnPostprocessAllAssets 0.570ms
			RenderPipelineGlobalSettingsPostprocessor.OnPostprocessAllAssets 0.523ms
			ArtifactBrowserPostProcessor.OnPostprocessAllAssets 0.494ms
			TextAssetPostProcessor.OnPostprocessAllAssets 0.348ms
			ShaderReflectionAssetPostProcessor.OnPostprocessAllAssets 0.335ms
			InputActionJsonNameModifierAssetProcessor.OnPostprocessAllAssets 0.309ms
			UVCSAssetPostprocessor.OnPostprocessAllAssets 0.287ms
			SampleDependencyImporterPostProcessor.OnPostprocessAllAssets 0.264ms
			AudioMixerPostprocessor.OnPostprocessAllAssets 0.262ms
			CinemachineSettings.OnPostprocessAllAssets 0.262ms
			EditModeScopePostprocessor.OnPostprocessAllAssets 0.241ms
			InputActionAssetPostprocessor.OnPostprocessAllAssets 0.229ms
			ReferencedClipsPostProcessor.OnPostprocessAllAssets 0.214ms
			PostProcessor.OnPostprocessAllAssets 0.209ms
			AssetEvents.OnPostprocessAllAssets 0.200ms
			SpeedTreePostProcessor.OnPostprocessAllAssets 0.171ms
			StyleCatalogPostProcessor.OnPostprocessAllAssets 0.165ms
			DomainReloadProcessor.OnPostprocessAllAssets 0.151ms
			SamplePostprocessor.OnPostprocessAllAssets 0.120ms
			TerrainToolbarOverlayPostProcessor.OnPostprocessAllAssets 0.114ms
			AssetDatabaseCallbacks.OnPostprocessAllAssets 0.113ms
			ConfigAssetsTracker.OnPostprocessAllAssets 0.106ms
			ScenarioDriftAssetsTracker.OnPostprocessAllAssets 0.099ms
			AssetReloadNotifier.OnPostprocessAllAssets 0.082ms
			AudioContainerPostProcessor.OnPostprocessAllAssets 0.059ms
	GatherAllCurrentPrimaryImportResultRevisions: 0.225ms
	PersistCurrentRevisions: 0.176ms
	GenerateScriptTypeHashes: 3.165ms
	GenerateScriptTypeSerializationHashes: 5.334ms
	Untracked: 2871.224ms

TestTitan: EnemySurfaceNavigator needs an EnemyClimbController on the same object.
UnityEngine.Debug:ExtractStackTraceNoAlloc (byte*,int,string)
UnityEngine.StackTraceUtility:ExtractStackTrace () (at /home/bokken/build/output/unity/unity/Runtime/Export/Scripting/StackTrace.cs:35)
UnityEngine.DebugLogHandler:Internal_Log (UnityEngine.LogType,UnityEngine.LogOption,string,UnityEngine.Object)
UnityEngine.DebugLogHandler:LogFormat (UnityEngine.LogType,UnityEngine.Object,string,object[])
UnityEngine.Logger:Log (UnityEngine.LogType,object)
UnityEngine.Debug:LogError (object)
EnemyGroundNavigator:Awake () (at Assets/Scripts/EnemyScripts/EnemyGroundNavigator.cs:40)

(Filename: Assets/Scripts/EnemyScripts/EnemyGroundNavigator.cs Line: 40)

Titan TestTitan did not find skillUser component
UnityEngine.Debug:ExtractStackTraceNoAlloc (byte*,int,string)
UnityEngine.StackTraceUtility:ExtractStackTrace () (at /home/bokken/build/output/unity/unity/Runtime/Export/Scripting/StackTrace.cs:35)
UnityEngine.DebugLogHandler:Internal_Log (UnityEngine.LogType,UnityEngine.LogOption,string,UnityEngine.Object)
UnityEngine.DebugLogHandler:LogFormat (UnityEngine.LogType,UnityEngine.Object,string,object[])
UnityEngine.Logger:Log (UnityEngine.LogType,object)
UnityEngine.Debug:Log (object)
TestTitan:Awake () (at Assets/Scripts/EnemyScripts/TestTitan.cs:54)

(Filename: Assets/Scripts/EnemyScripts/TestTitan.cs Line: 54)

Loaded scene 'Temp/__Backupscenes/0.backup'
	Deserialize:            28.818 ms
	Integration:            585.281 ms
	Integration of assets:  0.044 ms
	Thread Wait Time:       0.091 ms
	Total Operation Time:   614.233 ms
[Licensing::Client] Successfully resolved entitlement details
[Licensing::Client] Successfully resolved entitlement details
[Licensing::Client] Successfully resolved entitlement details
Unloading 1 Unused Serialized files (Serialized files now loaded: 0)
Loaded scene 'Temp/__Backupscenes/0.backup'
	Deserialize:            84.999 ms
	Integration:            364.535 ms
	Integration of assets:  0.175 ms
	Thread Wait Time:       -0.161 ms
	Total Operation Time:   449.548 ms
Unloading 22 unused Assets / (511.2 KB). Loaded Objects now: 9951.
Memory consumption went from 378.9 MB to 378.4 MB.
Total: 44.566387 ms (FindLiveObjects: 0.757427 ms CreateObjectMapping: 1.825693 ms MarkObjects: 41.195319 ms  DeleteObjects: 0.786241 ms)

[Licensing::Client] Successfully resolved entitlement details
[Licensing::Module] License group:
  Id: F4-M77M-HXW8-HJ67-XE8W-XXXX
  Product: Unity Personal
  Type: ULF
  Expiration: Unlimited
[Licensing::Module] License group:
  Id: 10170777712478-UnityPersXXXX
  Product: Unity Personal
  Type: Assigned
  Expiration: Unlimited
